Welcome to runwien.awk, version : 1.0.10...

Copyright (c) 2007 Alberto Otero <alberto@carbono.quimica.uinovi.es> and 
 Víctor Luaña <victor@carbono.quimica.uniovi.es>. Universidad de Oviedo.
									     
runwien.awk is free software: you can redistribute it and/or modify   
it under the terms of the GNU General Public License as published by  
the Free Software Foundation, either version 3 of the License, or (at 
your option) any later version. 					     
									     
runwien.awk is distributed in the hope that it will be useful,	     
but WITHOUT ANY WARRANTY; without even the implied warranty of	     
MERCHANTABILITY or FITNESS FOR A PARTICULAR PURPOSE.  See the	     
GNU General Public License for more details.			     
									     
You should have received a copy of the GNU General Public License     
along with this program.  If not, see <http://www.gnu.org/licenses/>. 

[info|global] Checking for executables...
[info|global] Checking root consistency...
[info|global] Creating check directory...

[info|general] Runwien.awk lapw calculation using wien2k, version: 1.0.10
[info|general] date : lun oct  6 14:00:21 CEST 2008
[info|general] machine : neon.quimica.uniovi.es
[info|general] root : test006

[info|general] Beginning of general section at lun oct  6 14:00:21 CEST 2008
[info|general] Verifying compulsory parameters...
[info|general] Extracting info from .cif file...
[info|general] Checking for cif2struct...
[info|general] Setting default variables if missing...
[info|general] Parsing expressions for variable parameters, also #1...
[info|general] Probing linked parameters for also 1...
[info|general] Creating iteration counter for also 1...
[info|general] Linking parameters...
[info|general] Determining which structures to run...
[info|general] Calculating padding zeroes...
[info|general] Initializing index file...
[info|general] Creating struct file and index line for structure #1
[info|general] Creating directory tree structure and moving .struct...
[info|general] Marking as done...
[info|general] Writing checkpoints...
[info|general] General section ended succesfully...


[info|init] Beginning of initialization section at lun oct  6 14:00:21 CEST 2008
[info|init] Verifying needed sections were run...
[info|init] Checking for exectuables...
[info|init] Setting default variables if missing...
[info|init] Determining which structures to run...
[info|init] Verifying section requirements structure-wise...
[info|init] --------------------------------------------------------------------
[info|init] Loading structure #1...
[info|init] Calculating muffin tin radius...
[info|init] Rmt values are set to: (Symbol | representative coords | rmt)
[info|init] Ca 0.00000000 0.00000000 0.00000000 2.22
[info|init] F 0.25000000 0.25000000 0.25000000 2.22
[info|init] Running nn program...
[info|init] Shell structure for all atoms
[info|init] Atom| Dist.(bohr)   # nn    Z|
[info|init]   1 | 4.470  8   9.0| 7.300 12  20.0| 8.560 24   9.0|10.323  6  20.0|
[info|init]   2 | 4.470  8   9.0| 7.300 12  20.0| 8.560 24   9.0|10.323  6  20.0|
[info|init]   3 | 4.470  8   9.0| 7.300 12  20.0| 8.560 24   9.0|10.323  6  20.0|
[info|init]   4 | 4.470  8   9.0| 7.300 12  20.0| 8.560 24   9.0|10.323  6  20.0|
[info|init]   5 | 4.470  4  20.0| 5.162  6   9.0| 7.300 12   9.0| 8.560 12  20.0|
[info|init]   6 | 4.470  4  20.0| 5.162  6   9.0| 7.300 12   9.0| 8.560 12  20.0|
[info|init]   7 | 4.470  4  20.0| 5.162  6   9.0| 7.300 12   9.0| 8.560 12  20.0|
[info|init]   8 | 4.470  4  20.0| 5.162  6   9.0| 7.300 12   9.0| 8.560 12  20.0|
[info|init]   9 | 4.470  4  20.0| 5.162  6   9.0| 7.300 12   9.0| 8.560 12  20.0|
[info|init]  10 | 4.470  4  20.0| 5.162  6   9.0| 7.300 12   9.0| 8.560 12  20.0|
[info|init]  11 | 4.470  4  20.0| 5.162  6   9.0| 7.300 12   9.0| 8.560 12  20.0|
[info|init]  12 | 4.470  4  20.0| 5.162  6   9.0| 7.300 12   9.0| 8.560 12  20.0|
[info|init] Running sgroup...
[info|init] warning: !!! Bravais lattice has changed.
[info|init] Bravais lattice: Cubic all faces centred
[info|init] Atom 1   Names of point group: m-3m   4/m -3 2/m   Oh
[info|init] Atom 2   Names of point group: -43m  -43m    Td
[info|init] Number and name of space group: 225 (F m -3 m)
[info|init] Running symmetry and creating new .struct...
[info|init]   the crystal system is cubic       
[info|init]   order of lattice point group (no base) =            48
[info|init]   order of lattice space group (with base) =          48
[info|init]   space group is symmorphic
[info|init]   space group contains inversion
[info|init] Re-reading global information from struct file...
[info|init] Creating .inst file...
[info|init] Running lstart...
[info|init] atom : Ca
[info|init] core-valence energy :   -6.0000000000
[info|init] orbital description : 
[info|init] Label Occ.    Energy (Ry)     <R> (bohr)      Type
[info|init]    1S    1  -290.23475000   0.0768431130      core
[info|init]    1S    1  -290.23475000   0.0768431130      core
[info|init]    2S    1   -30.45007800   0.3641584000      core
[info|init]    2S    1   -30.45007800   0.3641584000      core
[info|init]   2P*    1   -24.77792600   0.3260581300      core
[info|init]   2P*    1   -24.77792600   0.3260581300      core
[info|init]    2P    2   -24.50694400   0.3285938000      core
[info|init]    2P    2   -24.50694400   0.3285938000      core
[info|init]    3S    1    -3.46078200   1.1560001000   valence
[info|init]    3S    1    -3.46078200   1.1560001000   valence
[info|init]   3P*    1    -2.07712470   1.2657990000   valence
[info|init]   3P*    1    -2.07712470   1.2657990000   valence
[info|init]    3P    2    -2.04892650   1.2737267000   valence
[info|init]    3P    2    -2.04892650   1.2737267000   valence
[info|init]    4S    1    -0.27681792   4.0202593000   valence
[info|init]    4S    1    -0.27681792   4.0202593000   valence
[info|init] spin charge partition : 
[info|init]        inside sphere outside sphere          total
[info|init] alpha   8.8937521075   1.1062478925  10.0000000001
[info|init]  beta   8.8937521075   1.1062478925  10.0000000001
[info|init] core leaking (Ca) :    0.0000000000
[info|init] atom : F
[info|init] core-valence energy :   -6.0000000000
[info|init] orbital description : 
[info|init] Label Occ.    Energy (Ry)     <R> (bohr)      Type
[info|init]    1S    1   -48.77242500   0.1763967200      core
[info|init]    1S    1   -48.72048100   0.1762303600      core
[info|init]    2S    1    -2.25395260   0.9984357900   valence
[info|init]    2S    1    -2.12866800   1.0098132000   valence
[info|init]   2P*    1    -0.87404161   1.0871367000   valence
[info|init]   2P*    1    -0.75430350   1.1249077000   valence
[info|init]    2P    2    -0.86927912   1.0896589000   valence
[info|init]    2P    1    -0.74974023   1.1277407000   valence
[info|init] spin charge partition : 
[info|init]        inside sphere outside sphere          total
[info|init] alpha   4.8063748333   0.1936251667   5.0000000000
[info|init]  beta   3.8402555891   0.1597444109   4.0000000000
[info|init] core leaking (F) :    0.0000000000
[info|init] Editing input file .in1_st...
[info|init] Creating and editing input file .in2_st...
[info|init] Editing input file .inm_st...
[info|init] Renaming input files...
[info|init] Modifying orbitals in .in1 file...
[info|init] Modifying lm list in .in2 file...
[info|init] Re-reading general information...
[info|init] Re-reading initialization information...
[info|init] Reading and calculating initialization result variables...
[info|init] Marking as done...
[info|init] Writing checkpoints...
[info|init] Writing checkpoints...
[info|init] Initialization section ended successfully...


[info|prescf] Beginning of prescf section at lun oct  6 14:00:22 CEST 2008
[info|prescf] Verifying needed sections were run...
[info|prescf] Setting default variables if missing...
[info|prescf] Determining which structures to run...
[info|prescf] Verifying section requirements structure-wise...
[info|prescf] --------------------------------------------------------------------
[info|prescf] Loading structure #1...
[info|prescf] Running kgen...
[info|prescf] Running dstart...
[error|prescf] Structure #1 has been deleted:
[error|prescf] dstart generated a gmin >= gmax
[error|prescf] Try with a larger gmax.
[error|prescf] Perhaps rmt is too small.
[error|prescf] Make sure you have run initialization first.
[info|prescf] Writing checkpoints...
[info|prescf] Prescf section ended successfully...


[info|scf] Beginning of scf section at lun oct  6 14:00:23 CEST 2008
[info|scf] Verifying needed sections were run...
[info|scf] Checking for exectuables...
[info|scf] Setting default variables if missing...
[info|scf] Determining which structures to run...
[info|scf] Verifying section requirements structure-wise...
[warn|scf] structure 1 cannot be run...
[info|scf] Pretty-printing summary...
[info|scf] Writing checkpoints...
[info|scf] Scf section ended successfully...


[info|free] Beginning of free section at lun oct  6 14:00:23 CEST 2008
[info|free] Verifying needed sections were run...
[info|free] Setting default variables if missing...
[info|free] Determining which structures to run...
[info|free] ----------------------------------------------------------
[info|free] Calculating atom : ca
[info|free] Creating free directory...
[info|free] Creating free .wien...
[info|free] Running free calculation...
[info|free] Extracting info from scf files...
[info|free] Marking as done...
[info|free] Writing checkpoints...
[info|free] ----------------------------------------------------------
[info|free] Calculating atom : f
[info|free] Creating free directory...
[info|free] Creating free .wien...
[info|free] Running free calculation...
[info|free] Extracting info from scf files...
[info|free] Marking as done...
[info|free] Writing checkpoints...
[info|free] Writing checkpoints...
[info|free] Free section ended successfully...


[info|syn] Beginning of synopsis section at lun oct  6 14:09:23 CEST 2008
[info|syn] Setting default variables if missing...
[info|syn] Probing for variable parameters in general section...
[info|syn] Probing for variable parameters in sweep section...
[info|syn] Calculating times...
[info|syn] Printing synopsis...
[info|syn] Writing checkpoints...
[info|syn] Synopsis section ended successfully...

