Welcome to runwien.awk, version : 1.0.10...

Copyright (c) 2007 Alberto Otero <alberto@carbono.quimica.uinovi.es> and 
 Víctor Luaña <victor@carbono.quimica.uniovi.es>. Universidad de Oviedo.
									     
runwien.awk is free software: you can redistribute it and/or modify   
it under the terms of the GNU General Public License as published by  
the Free Software Foundation, either version 3 of the License, or (at 
your option) any later version. 					     
									     
runwien.awk is distributed in the hope that it will be useful,	     
but WITHOUT ANY WARRANTY; without even the implied warranty of	     
MERCHANTABILITY or FITNESS FOR A PARTICULAR PURPOSE.  See the	     
GNU General Public License for more details.			     
									     
You should have received a copy of the GNU General Public License     
along with this program.  If not, see <http://www.gnu.org/licenses/>. 

[info|global] Checking for executables...
[info|global] Checking root consistency...
[info|global] Creating check directory...

[info|general] Runwien.awk lapw calculation using wien2k, version: 1.0.10
[info|general] date : lun oct  6 13:15:44 CEST 2008
[info|general] machine : neon.quimica.uniovi.es
[info|general] root : test003

[info|general] Beginning of general section at lun oct  6 13:15:44 CEST 2008
[info|general] Verifying compulsory parameters...
[info|general] Extracting info from .cif file...
[info|general] Checking for cif2struct...
[info|general] Setting default variables if missing...
[info|general] Parsing expressions for variable parameters, also #1...
[info|general] Probing linked parameters for also 1...
[info|general] Creating iteration counter for also 1...
[info|general] Linking parameters...
[info|general] Determining which structures to run...
[info|general] Calculating padding zeroes...
[info|general] Initializing index file...
[info|general] Creating struct file and index line for structure #1
[info|general] Creating directory tree structure and moving .struct...
[info|general] Marking as done...
[info|general] Writing checkpoints...
[info|general] General section ended succesfully...


[info|init] Beginning of initialization section at lun oct  6 13:15:45 CEST 2008
[info|init] Verifying needed sections were run...
[info|init] Checking for exectuables...
[info|init] Setting default variables if missing...
[info|init] Determining which structures to run...
[info|init] Verifying section requirements structure-wise...
[info|init] --------------------------------------------------------------------
[info|init] Loading structure #1...
[info|init] Calculating muffin tin radius...
[info|init] Rmt values are set to: (Symbol | representative coords | rmt)
[info|init] Ti 0.00000000 0.00000000 0.00000000 2
[info|init] O 0.30530000 0.30530000 0.00000000 1.6
[info|init] Running nn program...
[info|init] Shell structure for all atoms
[info|init] Atom| Dist.(bohr)   # nn    Z|
[info|init]   1 | 3.678  4   8.0| 3.748  2   8.0| 5.590  2  22.0| 6.587  4   8.0|
[info|init]   2 | 3.678  4   8.0| 3.748  2   8.0| 5.590  2  22.0| 6.587  4   8.0|
[info|init]   3 | 3.678  2  22.0| 3.748  1  22.0| 4.781  1   8.0| 5.251  8   8.0|
[info|init]   4 | 3.678  2  22.0| 3.748  1  22.0| 4.781  1   8.0| 5.251  8   8.0|
[info|init]   5 | 3.678  2  22.0| 3.748  1  22.0| 4.781  1   8.0| 5.251  8   8.0|
[info|init]   6 | 3.678  2  22.0| 3.748  1  22.0| 4.781  1   8.0| 5.251  8   8.0|
[info|init] Running sgroup...
[info|init] Bravais lattice: Tetragonal primitive
[info|init] Atom 1   Names of point group: mmm    2/m 2/m 2/m   D2h
[info|init] Atom 2   Names of point group: mm2    mm2    C2v
[info|init] Number and name of space group: 136 (P 42/m n m)
[info|init] Running symmetry and creating new .struct...
[info|init]   the crystal system is tetragonal  
[info|init]   order of lattice point group (no base) =            16
[info|init]   order of lattice space group (with base) =          16
[info|init]   non-symmorphic space group or non-standard origin of coordinates
[info|init]   space group contains inversion
[info|init] Re-reading global information from struct file...
[info|init] Creating .inst file...
[info|init] Running lstart...
[info|init] atom : Ti
[info|init] core-valence energy :   -6.0000000000
[info|init] orbital description : 
[info|init] Label Occ.    Energy (Ry)     <R> (bohr)      Type
[info|init]    1S    1  -357.77447000   0.0695873100      core
[info|init]    1S    1  -357.77517000   0.0695872810      core
[info|init]    2S    1   -39.45103500   0.3248739100      core
[info|init]    2S    1   -39.41180100   0.3246316800      core
[info|init]   2P*    1   -32.91821000   0.2881972100      core
[info|init]   2P*    1   -32.88835600   0.2879222300      core
[info|init]    2P    2   -32.49427100   0.2908921400      core
[info|init]    2P    2   -32.46374300   0.2906098200      core
[info|init]    3S    1    -4.64654600   1.0072650000   valence
[info|init]    3S    1    -4.51845920   1.0075253000   valence
[info|init]   3P*    1    -2.93218580   1.0807713000   valence
[info|init]   3P*    1    -2.80514610   1.0823289000   valence
[info|init]    3P    2    -2.88386060   1.0889482000   valence
[info|init]    3P    2    -2.75694290   1.0906252000   valence
[info|init]   3D*    2    -0.35536420   1.5804664000   valence
[info|init]   3D*    0    -0.24622645   1.6979063000   valence
[info|init]    4S    1    -0.34290851   3.4602407000   valence
[info|init]    4S    1    -0.30663517   3.6079247000   valence
[info|init] spin charge partition : 
[info|init]        inside sphere outside sphere          total
[info|init] alpha  10.4639345079   1.5360654922  12.0000000001
[info|init]  beta   8.9468233582   1.0531766420  10.0000000001
[info|init] core leaking (Ti) :    0.0000000000
[info|init] atom : O
[info|init] core-valence energy :   -6.0000000000
[info|init] orbital description : 
[info|init] Label Occ.    Energy (Ry)     <R> (bohr)      Type
[info|init]    1S    1   -37.83575500   0.1997206200      core
[info|init]    1S    1   -37.74536800   0.1993062900      core
[info|init]    2S    1    -1.85284650   1.1285283000   valence
[info|init]    2S    1    -1.61422630   1.1587286000   valence
[info|init]   2P*    1    -0.75277616   1.2295298000   valence
[info|init]   2P*    1    -0.52946050   1.3331322000   valence
[info|init]    2P    2    -0.74999886   1.2315544000   valence
[info|init]    2P    0    -0.52694695   1.3357981000   valence
[info|init] spin charge partition : 
[info|init]        inside sphere outside sphere          total
[info|init] alpha   4.1245796519   0.8754203481   5.0000000000
[info|init]  beta   2.5346822830   0.4653177170   3.0000000000
[info|init] core leaking (O) :    0.0000000000
[info|init] Editing input file .in1_st...
[info|init] Creating and editing input file .in2_st...
[info|init] Editing input file .inm_st...
[info|init] Renaming input files...
[info|init] Modifying orbitals in .in1 file...
[info|init] Modifying lm list in .in2 file...
[info|init] Re-reading general information...
[info|init] Re-reading initialization information...
[info|init] Reading and calculating initialization result variables...
[info|init] Marking as done...
[info|init] Writing checkpoints...
[info|init] Writing checkpoints...
[info|init] Initialization section ended successfully...


[info|prescf] Beginning of prescf section at lun oct  6 13:15:46 CEST 2008
[info|prescf] Verifying needed sections were run...
[info|prescf] Setting default variables if missing...
[info|prescf] Determining which structures to run...
[info|prescf] Verifying section requirements structure-wise...
[info|prescf] --------------------------------------------------------------------
[info|prescf] Loading structure #1...
[info|prescf] Running kgen...
[info|prescf] Running dstart...
[info|prescf] gmin = 8.12500, gmax = 12.00000
[info|prescf] kmax = (16,16,10)
[info|prescf] number of plane waves = 952
[info|prescf] Saving atomic densities...
[info|prescf] Recovering results from prescf files...
[info|prescf] Marking as done...
[info|prescf] Writing checkpoints...
[info|prescf] Writing checkpoints...
[info|prescf] Prescf section ended successfully...


[info|scf] Beginning of scf section at lun oct  6 13:15:50 CEST 2008
[info|scf] Verifying needed sections were run...
[info|scf] Checking for exectuables...
[info|scf] Setting default variables if missing...
[info|scf] Determining which structures to run...
[info|scf] Verifying section requirements structure-wise...
[info|scf] --------------------------------------------------------------------
[info|scf] Loading structure #1...
[info|scf] Running SCF calculation...
[info|scf] using commands :  -i 30 -ec 0.00001
[info|scf] Non-spinpolarized calculation
[info|scf] Number of cycles : 14
[info|scf] Cycle  Fermi energy    Total energy    Inter. q  sph. q 1 sph. q 2 
[info|scf] 1      0.1969500000    -4018.7156120000 7.467309  18.6288367.818744 
[info|scf] 2      0.2138200000    -4018.6013940000 7.550365  18.6759717.774413 
[info|scf] 3      0.4028300000    -4018.0896510000 8.443091  19.7641277.007155 
[info|scf] 4      0.3548900000    -4018.0503940000 8.240373  19.3012497.289273 
[info|scf] 5      0.3636900000    -4018.0432680000 8.280259  19.3593507.250251 
[info|scf] 6      0.3726700000    -4018.0284520000 8.306409  19.3504497.248164 
[info|scf] 7      0.3748900000    -4018.0268630000 8.313497  19.3701497.236543 
[info|scf] 8      0.3758300000    -4018.0251340000 8.310713  19.3883177.228154 
[info|scf] 9      0.3762000000    -4018.0248830000 8.311283  19.3921487.226097 
[info|scf] 10     0.3767400000    -4018.0247030000 8.312167  19.3986657.222617 
[info|scf] 11     0.3769300000    -4018.0246150000 8.312413  19.4013157.221231 
[info|scf] 12     0.3775600000    -4018.0244410000 8.313155  19.4117137.215846 
[info|scf] 13     0.3775200000    -4018.0244550000 8.312900  19.4118087.215862 
[info|scf] 14     0.3775100000    -4018.0244560000 8.312800  19.4119137.215835 
[info|scf] Last iteration band structure:
[info|scf] Band  Emin       Emax       
[info|scf] Semicore-valence energy sep. : 
[info|scf] --------end of scf--------                                  
[info|scf] Extracting information from .scf...
[info|scf] Validating scf output...
[info|scf] Marking as done...
[info|scf] Writing checkpoints...
[info|scf] Pretty-printing summary...
[info|scf] Writing checkpoints...
[info|scf] Scf section ended successfully...


[info|syn] Beginning of synopsis section at lun oct  6 13:19:21 CEST 2008
[info|syn] Setting default variables if missing...
[info|syn] Probing for variable parameters in general section...
[info|syn] Probing for variable parameters in sweep section...
[info|syn] Calculating times...
[info|syn] Printing synopsis...
[info|syn] Writing checkpoints...
[info|syn] Synopsis section ended successfully...

