General information
---------------------------------------------------------------------
title   : runwien.awk lapw calculation, v.1.0.10
root    : test003
pwd     : /home/alberto/cvs/runwien/test/test003
machine : neon.quimica.uniovi.es
date    : lun oct  6 13:19:21 CEST 2008

Sections run and time information
---------------------------------------------------------------------
general section run, time (s) = 1
initialization section run, time (s) = 1
prescf section run, time (s) = 4
scf section run, time (s) = 210
total run time (s) = 216

Structural information
---------------------------------------------------------------------
Mol. formula : Ti1O2
Mol. mass    : 79.865800
a / bohr     : 8.68089200
b / bohr     : 8.68089200
c / bohr     : 5.59003700
alpha / deg  : 90.00000000
beta / deg   : 90.00000000
gamma / deg  : 90.00000000
c/a          : 0.64394730
c/b          : 0.64394730
b/a          : 1.00000000
volume/bohr^3: 421.25337051
Mol. volume  : 210.62668526
space group  : P42/mnm
lattice      : P
system       : tetragonal
inversion?   : no
structure loaded from .cif file : rutile.cif
nonequivalent atom list in .struct (and position of a representative atom):
  atom 1 is Ti mult= 2 x= 0.00000000 y= 0.00000000 z= 0.00000000 sym= mmm
  atom 2 is O mult= 4 x= 0.30530000 y= 0.30530000 z= 0.00000000 sym= mm2

Additional information
---------------------------------------------------------------------
Number of electrons in unit cell : 76
Valence electrons in unit cell   : 48
Core electrons in unit cell      : 28
Core | val | total e- for atom   : [O] 2 | 6 | 8
Core | val el. conf. for atom    : [O] 1S(2) | 2S(2)2P(4)
Core | val | total e- for atom   : [Ti] 10 | 12 | 22
Core | val el. conf. for atom    : [Ti] 1S(2)2S(2)2P(6) | 3S(2)3P(6)3D(2)4S(2)
Core leaking (e-) for atom 1 : [Ti] 0.00000e+00
Core leaking (e-) for atom 2 : [O] 0.00000e+00
Atomic energy (lstart) [Ti]      : -1707.2049710
Atomic energy (lstart) [ O]      : -150.1168880
Total in vacuo energy (lstart)   : -2007.4387470

Calculation fixed parameters
---------------------------------------------------------------------
spinpolarized               : no
relativistic first density  : yes
general, npt (atom 1)       : 781
general, npt (atom 2)       : 781
general, rmt (atom 1)       : 2.00000
general, rmt (atom 2)       : 1.60000
general, r0  (atom 1)       : 0.00010000
general, r0  (atom 2)       : 0.00010000
general, rkmax              : 6.50000
general, lmax               : 10
general, lnsmax             : 4
general, gmax               : 12.000
general, mix                : 0.20000
general, kpts               : 100
initialization, potential   : ggapbe96
initialization, ecoreval /ry: -6.000
initialization, emin / ry   : -9.00000000
initialization, emax / ry   : 2.00000000
scf, commands used          :  -i 30 -ec 0.00001


Only one structure, no variable parameters
Energy*/ry  = -2009.0122280000
E fermi /ry = 0.37751
No critic data available



Output, index, plot and gnuplot files
---------------------------------------------------------------------
* .out files
 - scfsummary.out
 - synopsis.out
* .index files
 - test003.index
* .ps files
* .gnuplot files

Exhaustive information for general structures
---------------------------------------------------------------------
metric matrix (1,1) : 75.3578859157
metric matrix (1,2) : 0.0000000000
metric matrix (1,3) : 0.0000000000
metric matrix (2,2) : 75.3578859157
metric matrix (2,3) : 0.0000000000
metric matrix (3,3) : 31.2485136614
complete basis specification for atom 1 : 
  0.30000000 5    0   
  0 0.30000   0.00000   CONT 1
  0 -4.35000  0.00500   STOP 1
  1 -2.58000  0.01000   CONT 1
  1 0.30000   0.00000   CONT 1
  2 0.30000   0.01000   CONT 1
complete basis specification for atom 2 : 
  0.30000000 3    0   
  0 -1.55000  0.01000   CONT 1
  0 0.30000   0.00000   CONT 1
  1 0.30000   0.00000   CONT 1

additional information :
  num  sp. fll gmin   rkm(r) pws    k(ibz) los esmcval  bndemin  bndemax  
  1    0.32201 8.125  6.470  952    9      46  -0.06654 0.01024  0.66279  

convergence details (DIRB angle) : 
  ite  1     
1      0.1   
2      40.5  
3      7.1   
4      15.0  
5      41.2  
6      62.1  
7      59.2  
8      54.9  
9      44.8  
10     32.8  
11     33.3  
12     27.3  
13     18.2  
