Welcome to runwien.awk, version : 1.0.10...

Copyright (c) 2007 Alberto Otero <alberto@carbono.quimica.uinovi.es> and 
 Víctor Luaña <victor@carbono.quimica.uniovi.es>. Universidad de Oviedo.
									     
runwien.awk is free software: you can redistribute it and/or modify   
it under the terms of the GNU General Public License as published by  
the Free Software Foundation, either version 3 of the License, or (at 
your option) any later version. 					     
									     
runwien.awk is distributed in the hope that it will be useful,	     
but WITHOUT ANY WARRANTY; without even the implied warranty of	     
MERCHANTABILITY or FITNESS FOR A PARTICULAR PURPOSE.  See the	     
GNU General Public License for more details.			     
									     
You should have received a copy of the GNU General Public License     
along with this program.  If not, see <http://www.gnu.org/licenses/>. 

[info|global] Checking for executables...
[info|global] Checking root consistency...
[info|global] Creating check directory...

[info|general] Runwien.awk lapw calculation using wien2k, version: 1.0.10
[info|general] date : lun oct  6 13:06:30 CEST 2008
[info|general] machine : neon.quimica.uniovi.es
[info|general] root : test001

[info|general] Beginning of general section at lun oct  6 13:06:30 CEST 2008
[info|general] Verifying compulsory parameters...
[info|general] Setting default variables if missing...
[info|general] Parsing expressions for variable parameters, also #1...
[info|general] Probing linked parameters for also 1...
[info|general] Creating iteration counter for also 1...
[info|general] Linking parameters...
[info|general] Determining which structures to run...
[info|general] Calculating padding zeroes...
[info|general] Initializing index file...
[info|general] Creating struct file and index line for structure #1
[info|general] Creating directory tree structure and moving .struct...
[info|general] Marking as done...
[info|general] Writing checkpoints...
[info|general] General section ended succesfully...


[info|init] Beginning of initialization section at lun oct  6 13:06:30 CEST 2008
[info|init] Verifying needed sections were run...
[info|init] Checking for exectuables...
[info|init] Setting default variables if missing...
[info|init] Determining which structures to run...
[info|init] Verifying section requirements structure-wise...
[info|init] --------------------------------------------------------------------
[info|init] Loading structure #1...
[info|init] Calculating muffin tin radius...
[info|init] Rmt values are set to: (Symbol | representative coords | rmt)
[info|init] Ti 0 0 0 2.0855
[info|init] C 0.5 0.5 0.5 1.8527
[info|init] Running nn program...
[info|init] Shell structure for all atoms
[info|init] Atom| Dist.(bohr)   # nn    Z|
[info|init]   1 | 4.089  6   6.0| 5.783 12  22.0| 7.083  8   6.0| 8.179  6  22.0|
[info|init]   2 | 4.089  6  22.0| 5.783 12   6.0| 7.083  8  22.0| 8.179  6   6.0|
[info|init] Running sgroup...
[info|init] Bravais lattice: Cubic all faces centred
[info|init] Atom 1   Names of point group: m-3m   4/m -3 2/m   Oh
[info|init] Atom 2   Names of point group: m-3m   4/m -3 2/m   Oh
[info|init] Number and name of space group: 225 (F m -3 m)
[info|init] Running symmetry and creating new .struct...
[info|init]   the crystal system is cubic       
[info|init]   order of lattice point group (no base) =            48
[info|init]   order of lattice space group (with base) =          48
[info|init]   space group is symmorphic
[info|init]   space group contains inversion
[info|init] Re-reading global information from struct file...
[info|init] Creating .inst file...
[info|init] Running lstart...
[info|init] atom : Ti
[info|init] core-valence energy :   -6.0000000000
[info|init] orbital description : 
[info|init] Label Occ.    Energy (Ry)     <R> (bohr)      Type
[info|init]    1S    1  -357.77447000   0.0695873100      core
[info|init]    1S    1  -357.77517000   0.0695872810      core
[info|init]    2S    1   -39.45103500   0.3248739100      core
[info|init]    2S    1   -39.41180000   0.3246316800      core
[info|init]   2P*    1   -32.91821000   0.2881972100      core
[info|init]   2P*    1   -32.88835600   0.2879222300      core
[info|init]    2P    2   -32.49427100   0.2908921400      core
[info|init]    2P    2   -32.46374300   0.2906098200      core
[info|init]    3S    1    -4.64654600   1.0072650000   valence
[info|init]    3S    1    -4.51845920   1.0075253000   valence
[info|init]   3P*    1    -2.93218580   1.0807713000   valence
[info|init]   3P*    1    -2.80514600   1.0823289000   valence
[info|init]    3P    2    -2.88386070   1.0889482000   valence
[info|init]    3P    2    -2.75694280   1.0906252000   valence
[info|init]   3D*    2    -0.35536424   1.5804664000   valence
[info|init]   3D*    0    -0.24622644   1.6979067000   valence
[info|init]    4S    1    -0.34290854   3.4602411000   valence
[info|init]    4S    1    -0.30663518   3.6079258000   valence
[info|init] spin charge partition : 
[info|init]        inside sphere outside sphere          total
[info|init] alpha  10.5589573703   1.4410426297  12.0000000000
[info|init]  beta   8.9945569786   1.0054430214  10.0000000000
[info|init] core leaking (Ti) :    0.0000000000
[info|init] atom : C
[info|init] core-valence energy :   -6.0000000000
[info|init] orbital description : 
[info|init] Label Occ.    Energy (Ry)     <R> (bohr)      Type
[info|init]    1S    1   -20.07524300   0.2710042200      core
[info|init]    1S    1   -20.01563100   0.2703714200      core
[info|init]    2S    1    -1.07605010   1.5552233000   valence
[info|init]    2S    1    -0.87322447   1.6070060000   valence
[info|init]   2P*    1    -0.44836640   1.7453923000   valence
[info|init]   2P*    0    -0.26550288   1.9273650000   valence
[info|init]    2P    1    -0.44770323   1.7466705000   valence
[info|init]    2P    0    -0.26491275   1.9291640000   valence
[info|init] spin charge partition : 
[info|init]        inside sphere outside sphere          total
[info|init] alpha   2.9762246335   1.0237753665   4.0000000000
[info|init]  beta   1.6936117933   0.3063882067   2.0000000000
[info|init] core leaking (C) :    0.0000020000
[info|init] Editing input file .in1_st...
[info|init] Creating and editing input file .in2_st...
[info|init] Editing input file .inm_st...
[info|init] Renaming input files...
[info|init] Modifying orbitals in .in1 file...
[info|init] Modifying lm list in .in2 file...
[info|init] Re-reading general information...
[info|init] Re-reading initialization information...
[info|init] Reading and calculating initialization result variables...
[info|init] Marking as done...
[info|init] Writing checkpoints...
[info|init] Writing checkpoints...
[info|init] Initialization section ended successfully...


[info|prescf] Beginning of prescf section at lun oct  6 13:06:31 CEST 2008
[info|prescf] Verifying needed sections were run...
[info|prescf] Setting default variables if missing...
[info|prescf] Determining which structures to run...
[info|prescf] Verifying section requirements structure-wise...
[info|prescf] --------------------------------------------------------------------
[info|prescf] Loading structure #1...
[info|prescf] Running kgen...
[info|prescf] Running dstart...
[info|prescf] gmin = 7.55654, gmax = 12.00000
[info|prescf] kmax = (9,9,9)
[info|prescf] number of plane waves = 136
[info|prescf] Saving atomic densities...
[info|prescf] Recovering results from prescf files...
[info|prescf] Marking as done...
[info|prescf] Writing checkpoints...
[info|prescf] Writing checkpoints...
[info|prescf] Prescf section ended successfully...


[info|scf] Beginning of scf section at lun oct  6 13:06:36 CEST 2008
[info|scf] Verifying needed sections were run...
[info|scf] Checking for exectuables...
[info|scf] Setting default variables if missing...
[info|scf] Determining which structures to run...
[info|scf] Verifying section requirements structure-wise...
[info|scf] --------------------------------------------------------------------
[info|scf] Loading structure #1...
[info|scf] Running SCF calculation...
[info|scf] using commands :  -i 30 -cc 0.000100
[info|scf] Non-spinpolarized calculation
[info|scf] Number of cycles : 10
[info|scf] Cycle  Fermi energy    Total energy    Inter. q  sph. q 1 sph. q 2 
[info|scf] 1      0.7115100000    -1784.1244410000 2.663594  19.0519016.284498 
[info|scf] 2      0.7145600000    -1784.0921970000 2.682116  19.1112986.206579 
[info|scf] 3      0.7343100000    -1783.9635940000 2.776935  19.8502725.372787 
[info|scf] 4      0.7345200000    -1783.9615810000 2.775357  19.7380955.486542 
[info|scf] 5      0.7332200000    -1783.9628820000 2.773484  19.8410085.385502 
[info|scf] 6      0.7327400000    -1783.9612750000 2.769333  19.7608575.469804 
[info|scf] 7      0.7327900000    -1783.9612720000 2.769647  19.7644395.465908 
[info|scf] 8      0.7331500000    -1783.9612560000 2.771168  19.7597125.469113 
[info|scf] 9      0.7331700000    -1783.9612550000 2.771235  19.7595235.469235 
[info|scf] 10     0.7332200000    -1783.9612550000 2.771467  19.7588385.469688 
[info|scf] Last iteration band structure:
[info|scf] Band  Emin       Emax       
[info|scf] Semicore-valence energy sep. : 
[info|scf] --------end of scf--------                                  
[info|scf] Extracting information from .scf...
[info|scf] Validating scf output...
[info|scf] Marking as done...
[info|scf] Writing checkpoints...
[info|scf] Pretty-printing summary...
[info|scf] Writing checkpoints...
[info|scf] Scf section ended successfully...


[info|prho] Beginning of printrho section at lun oct  6 13:07:39 CEST 2008
[info|prho] Verifying needed sections were run...
[info|prho] Checking for exectuables...
[info|prho] Setting default variables if missing...
[info|prho] Determining which structures to run...
[info|prho] Verifying section requirements structure-wise...
[info|prho] ----------------------------------------------------------
[info|prho] Loading structure #1...
[info|prho] Modifying .in2 file...
[info|prho] Recalculating valence density...
[info|prho] Creating .in5 file...
[info|prho] Creating lapw5.def...
[info|prho] Calculating rho map...
[info|prho] Reformatting rho...
[info|prho] Plotting rho to file...
[info|prho] Restoring .in2 file...
[info|prho] Recalculating density...
[info|prho] Marking as done...
[info|prho] Writing checkpoints...
[info|prho] Writing checkpoints...
[info|prho] Printrho section ended successfully...


[info|dos] Beginning of dosplot section at lun oct  6 13:07:52 CEST 2008
[info|dos] Verifying needed sections were run
[info|dos] Checking for exectuables...
[info|dos] Setting default variables if missing...
[info|dos] Determining which structures to run...
[info|dos] Verifying section requirements structure-wise...
[info|dos] ----------------------------------------------------------
[info|dos] Loading structure #1...
[info|dos] Setting default variables for this structure...
[info|dos] Expanding eigenvalue window (lapw1)...
[info|dos] Calculating partial charges (lapw2 -qtl)...
[info|dos] Creating .int input file...
[info|dos] Running tetra...
[info|dos] Making dos plots...
[info|dos] Making joint dos plots...
[info|dos] Restoring original .in1...
[info|dos] Marking as done...
[info|dos] Writing checkpoints...
[info|dos] Writing checkpoints...
[info|dos] Dosplot section ended successfully...


[info|rx] Beginning of rxplot section at lun oct  6 13:07:55 CEST 2008
[info|rx] Verifying needed sections were run...
[info|rx] Setting default variables if missing...
[info|rx] Determining which structures to run...
[info|rx] Verifying section requirements structure-wise...
[info|rx] ----------------------------------------------------------
[info|rx] Loading structure #1...
[info|rx] Expanding eigenvalue window (lapw1)...
[info|rx] Calculating partial charges (lapw2 -qtl)...
[info|rx] Creating .inxs input file...
[info|rx] Running xspec...
[info|rx] Printing spectra...
[info|rx] Restoring original .in1...
[info|rx] Marking as done...
[info|rx] Writing checkpoints...
[info|rx] Writing checkpoints...
[info|rx] Rxplot section ended successfully...


[info|band] Beginning of bandplot section at lun oct  6 13:07:58 CEST 2008
[info|band] Verifying needed sections were run
[info|band] Setting default variables if missing...
[info|band] Determining which structures to run...
[info|band] Verifying section requirements structure-wise...
[info|band] ----------------------------------------------------------
[info|band] Loading structure #1...
[info|band] Copying .klist file to .klist_band ...
[info|band] Calculating eigenvalues...
[info|band] Copying template .insp from wien src directory...
[info|band] Setting correct fermi level in .insp...
[info|band] Running spaghetti...
[info|band] Renaming spaghetti output...
[info|band] Marking as done...
[info|band] Writing checkpoints...
[info|band] Writing checkpoints...
[info|band] Bandplot section ended successfully...


[info|critic] Beginning of critic section at lun oct  6 13:08:02 CEST 2008
[info|critic] Verifying needed sections were run...
[info|critic] Checking for exectuables...
[info|critic] Setting default variables if missing...
[info|critic] Determining which structures to run...
[info|critic] Verifying section requirements structure-wise...
[info|critic] ----------------------------------------------------------
[info|critic] Loading structure #1...
[info|critic] Creating .incritic input file...
[info|critic] Running critic...
[info|critic] Marking as done...
[info|critic] Writing checkpoints...
[info|critic] Pretty-printing summary...
[info|critic] Writing checkpoints...
[info|critic] Critic section ended successfully...


[info|sweep] Beginning of sweep section at lun oct  6 13:08:31 CEST 2008
[info|sweep] Verifying needed sections were run...
[info|sweep] Setting missing and default variables...
[info|sweep] Setting default variables for also #1...
[info|sweep] Parsing input variables for also #1...
[info|sweep] Creating iteration counter for also #1...
[info|sweep] Calculating structural information...
[info|sweep] Calculating padding zeroes...
[info|sweep] Initializing sweep-index file...
[info|sweep] Determining which structures to run...
[info|sweep] Creating sweep structure #1 and index file line...
[info|sweep] Creating sweep structure #2 and index file line...
[info|sweep] Creating sweep structure #3 and index file line...
[info|sweep] Creating sweep structure #4 and index file line...
[info|sweep] Creating sweep structure #5 and index file line...
[info|sweep] Creating directory tree structure and moving .wien...
[info|sweep] Calculating sweep structure #1...
[info|sweep] Extracting information from structure #1...
[info|sweep] Marking as done...
[info|sweep] Writing checkpoints...
[info|sweep] Calculating sweep structure #2...
[info|sweep] Extracting information from structure #2...
[info|sweep] Marking as done...
[info|sweep] Writing checkpoints...
[info|sweep] Calculating sweep structure #3...
[info|sweep] Extracting information from structure #3...
[info|sweep] Marking as done...
[info|sweep] Writing checkpoints...
[info|sweep] Calculating sweep structure #4...
[info|sweep] Extracting information from structure #4...
[info|sweep] Marking as done...
[info|sweep] Writing checkpoints...
[info|sweep] Calculating sweep structure #5...
[info|sweep] Extracting information from structure #5...
[info|sweep] Marking as done...
[info|sweep] Writing checkpoints...
[info|sweep] Printing sweep summary file...
[info|sweep] Printing required plots...
[info|sweep] Writing checkpoints...
[info|sweep] Sweep section ended successfully...


[info|syn] Beginning of synopsis section at lun oct  6 13:13:53 CEST 2008
[info|syn] Setting default variables if missing...
[info|syn] Probing for variable parameters in general section...
[info|syn] Probing for variable parameters in sweep section...
[info|syn] Calculating times...
[info|syn] Printing synopsis...
[info|syn] Writing checkpoints...
[info|syn] Synopsis section ended successfully...

