General information
---------------------------------------------------------------------
title   : TiC calculation, chapter 3 in wien guide
root    : test001
pwd     : /home/alberto/cvs/runwien/test/test001
machine : neon.quimica.uniovi.es
date    : lun oct  6 13:13:53 CEST 2008

Sections run and time information
---------------------------------------------------------------------
general section run, time (s) = 0
initialization section run, time (s) = 1
prescf section run, time (s) = 5
scf section run, time (s) = 63
printrho section run, time (s) = 13
dosplot section run, time (s) = 3
rxplot section run, time (s) = 3
bandplot section run, time (s) = 4
critic section run, time (s) = 29
sweep section run, time (s) = 322
total run time (s) = 443

Structural information
---------------------------------------------------------------------
Mol. formula : Ti1C1
Mol. mass    : 59.877700
a / bohr     : 8.17873500
b / bohr     : 8.17873500
c / bohr     : 8.17873500
alpha / deg  : 90.00000000
beta / deg   : 90.00000000
gamma / deg  : 90.00000000
c/a          : 1.00000000
c/b          : 1.00000000
b/a          : 1.00000000
volume/bohr^3: 547.08953871
Mol. volume  : 136.77238468
space group  : Fm-3m
lattice      : F
system       : cubic
inversion?   : yes
nonequivalent atom list in .struct (and position of a representative atom):
  atom 1 is Ti mult= 1 x= 0.00000000 y= 0.00000000 z= 0.00000000 sym= m-3m
  atom 2 is C mult= 1 x= 0.50000000 y= 0.50000000 z= 0.50000000 sym= m-3m

Additional information
---------------------------------------------------------------------
Number of electrons in unit cell : 28
Valence electrons in unit cell   : 16
Core electrons in unit cell      : 12
Core | val | total e- for atom   : [C] 2 | 4 | 6
Core | val el. conf. for atom    : [C] 1S(2) | 2S(2)2P(2)
Core | val | total e- for atom   : [Ti] 10 | 12 | 22
Core | val el. conf. for atom    : [Ti] 1S(2)2S(2)2P(6) | 3S(2)3P(6)3D(2)4S(2)
Core leaking (e-) for atom 1 : [Ti] 0.00000e+00
Core leaking (e-) for atom 2 : [C] 2.00000e-06
Atomic energy (lstart) [Ti]      : -1707.2049490
Atomic energy (lstart) [ C]      : -75.6208040
Total in vacuo energy (lstart)   : -1782.8257530

Calculation fixed parameters
---------------------------------------------------------------------
spinpolarized               : no
relativistic first density  : yes
general, npt (atom 1)       : 781
general, npt (atom 2)       : 781
general, rmt (atom 1)       : 2.08550
general, rmt (atom 2)       : 1.85270
general, r0  (atom 1)       : 0.00005000
general, r0  (atom 2)       : 0.00005000
general, rkmax              : 7.00000
general, lmax               : 10
general, lnsmax             : 4
general, gmax               : 12.000
general, mix                : 0.20000
general, kpts               : 1000
initialization, potential   : ggapbe96
initialization, ecoreval /ry: -6.000
initialization, emin / ry   : -9.00000000
initialization, emax / ry   : 2.00000000
scf, commands used          :  -i 30 -cc 0.000100


Only one structure, no variable parameters
Energy*/ry  = -1783.9612550000
E fermi /ry = 0.73322
Warnings :  (5)
Planarity   = 0.269199
Morse sum   = 0
Topology    = 2[4,4](0)|1[24]|1[24]|1[8]


(5) Ghost bands.

Structural grid (sweep) results
---------------------------------------------------------------------

Fixed parameters --
alpha / deg   : 90
beta / deg    : 90
gamma / deg   : 90
c / a         : 1
c / b         : 1
b / a         : 1

Variable parameters --
number of structures : 5
 a / bohr b / bohr c / bohr     v/bohr^3 it. warning    energy / ry    efermi / ry   time /s planarity morsesum                      topology
 7.89648  7.89648  7.89648     123.0951  10      --  -1783.9440830    0.833100000        68 0.0000000      n/a                           n/a 
 8.04009  8.04009  8.04009     129.9338  19     (5)  -1783.9567170    0.780860000        62 0.0000000      n/a                           n/a 
 8.17873  8.17873  8.17873     136.7724  28     (5)  -1783.9612550    0.733210000        64 0.0000000      n/a                           n/a 
 8.31284  8.31284  8.31284     143.6110  37     (3)  -1783.9596500    0.689640000        63 0.0000000      n/a                           n/a 
 8.44275  8.44275  8.44275     150.4496  46     (3)  -1783.9531820    0.649420000        65 0.0000000      n/a                           n/a 

(5) Ghost bands.
(3) SCF precess did not converge: maximum number of iterations reached.

Output, index, plot and gnuplot files
---------------------------------------------------------------------
* .out files
 - scfsummary.out
 - criticsummary.out
 - test001-sweep/test001-sweep1/runwien.out
 - test001-sweep/test001-sweep2/runwien.out
 - test001-sweep/test001-sweep3/runwien.out
 - test001-sweep/test001-sweep4/runwien.out
 - test001-sweep/test001-sweep5/runwien.out
 - sweepsummary.out
 - test001-sweep/test001-sweep1/synopsis.out
 - test001-sweep/test001-sweep2/synopsis.out
 - test001-sweep/test001-sweep3/synopsis.out
 - test001-sweep/test001-sweep4/synopsis.out
 - test001-sweep/test001-sweep5/synopsis.out
 - synopsis.out
* .index files
 - test001.index
 - test001-sweep/test001-sweep.index
* .ps files
 - test0011/test0011.rhoplot.valrho.ps
 - test0011/test0011.dosplot.1.ps
 - test0011/test0011.dosplot.2.ps
 - test0011/test0011.dosplot.3.ps
 - test0011/test0011.dosplot.4.ps
 - test0011/test0011.dosplot.5.ps
 - test0011/test0011.dosplot.6.ps
 - test0011/test0011.broad.specplot.ps
 - test0011/test0011.unbroad.specplot.ps
 - test0011/test0011.spaghetti.ps
* .gnuplot files
 - test0011/test0011.rhoplot.valrho.gnuplot
 - test0011/test0011.dosplot.1.gnuplot
 - test0011/test0011.dosplot.2.gnuplot
 - test0011/test0011.dosplot.3.gnuplot
 - test0011/test0011.dosplot.4.gnuplot
 - test0011/test0011.dosplot.5.gnuplot
 - test0011/test0011.dosplot.6.gnuplot
 - test0011/test0011.rxplot.gnuplot

Exhaustive information for general structures
---------------------------------------------------------------------
metric matrix (1,1) : 66.8917062002
metric matrix (1,2) : 0.0000000000
metric matrix (1,3) : 0.0000000000
metric matrix (2,2) : 66.8917062002
metric matrix (2,3) : 0.0000000000
metric matrix (3,3) : 66.8917062002
complete basis specification for atom 1 : 
  0.30000000 5    0   
  0 0.30000   0.00000   CONT 1
  0 -4.35000  0.00500   STOP 1
  1 -2.58000  0.01000   CONT 1
  1 0.30000   0.00000   CONT 1
  2 0.30000   0.01000   CONT 1
complete basis specification for atom 2 : 
  0.30000000 3    0   
  0 -0.78000  0.01000   CONT 1
  0 0.30000   0.00000   CONT 1
  1 0.30000   0.00000   CONT 1

additional information :
  num  sp. fll gmin   rkm(r) pws    k(ibz) los esmcval  bndemin  bndemax  
  1    0.11814 7.557  6.970  136    47     18  0.25047  -3.42690 1.77337  

convergence details (DIRB angle) : 
  ite  1     
1      0.1   
2      47.9  
3      10.0  
4      37.4  
5      45.4  
6      21.2  
7      33.1  
8      28.9  
9      24.4  
