Welcome to runwien.awk, version : 1.0.10...

Copyright (c) 2007 Alberto Otero <alberto@carbono.quimica.uinovi.es> and 
 Víctor Luaña <victor@carbono.quimica.uniovi.es>. Universidad de Oviedo.
									     
runwien.awk is free software: you can redistribute it and/or modify   
it under the terms of the GNU General Public License as published by  
the Free Software Foundation, either version 3 of the License, or (at 
your option) any later version. 					     
									     
runwien.awk is distributed in the hope that it will be useful,	     
but WITHOUT ANY WARRANTY; without even the implied warranty of	     
MERCHANTABILITY or FITNESS FOR A PARTICULAR PURPOSE.  See the	     
GNU General Public License for more details.			     
									     
You should have received a copy of the GNU General Public License     
along with this program.  If not, see <http://www.gnu.org/licenses/>. 

[info|global] Checking for executables...
[info|global] Checking root consistency...
[info|global] Creating check directory...
[info|general] New coords for atom 1 : 1 0 0.226

[info|general] Runwien.awk lapw calculation using wien2k, version: 1.0.10
[info|general] date : mié oct  8 09:08:32 CEST 2008
[info|general] machine : neon.quimica.uniovi.es
[info|general] root : test024

[info|general] Beginning of general section at mié oct  8 09:08:32 CEST 2008
[info|general] Parsing space group symbol r-3m , lattice R
[info|general] New cell lengths (hex) : 7.10842 7.10842 19.9219 90 90 120
[info|general] Verifying compulsory parameters...
[info|general] Setting default variables if missing...
[info|general] Parsing expressions for variable parameters, also #1...
[info|general] Probing linked parameters for also 1...
[info|general] Creating iteration counter for also 1...
[info|general] Linking parameters...
[info|general] Determining which structures to run...
[info|general] Calculating padding zeroes...
[info|general] Initializing index file...
[info|general] Creating struct file and index line for structure #1
[info|general] Creating directory tree structure and moving .struct...
[info|general] Marking as done...
[info|general] Writing checkpoints...
[info|general] General section ended succesfully...


[info|init] Beginning of initialization section at mié oct  8 09:08:32 CEST 2008
[info|init] Verifying needed sections were run...
[info|init] Checking for executables...
[info|init] Setting default variables if missing...
[info|init] Determining which structures to run...
[info|init] Verifying section requirements structure-wise...
[info|init] --------------------------------------------------------------------
[info|init] Loading structure #1...
[info|init] Calculating muffin tin radius...
[info|init] Rmt values are set to: (Symbol | representative coords | rmt)
[info|init] As 0.226 0.226 0.226 2.35
[info|init] Running nn program...
[info|init] Shell structure for all atoms
[info|init] Atom| Dist.(bohr)   # nn    Z|
[info|init]   1 | 4.736  3  33.0| 5.927  3  33.0| 7.108  6  33.0| 7.807  6  33.0|
[info|init]   2 | 4.736  3  33.0| 5.927  3  33.0| 7.108  6  33.0| 7.807  6  33.0|
[info|init] Running sgroup...
[info|init] Bravais lattice: Rhombohedral
[info|init] Atom 1   Names of point group: 3m1    3m1    C3v
[info|init] Number and name of space group: 166 (R -3 m)
[info|init] Running symmetry and creating new .struct...
[info|init]   the crystal system is trigonal    
[info|init]   order of lattice point group (no base) =            12
[info|init]   order of lattice space group (with base) =          12
[info|init]   space group is symmorphic
[info|init]   space group contains inversion
[info|init] Re-reading global information from struct file...
[info|init] Creating .inst file...
[info|init] Running lstart...
[info|init] atom : As
[info|init] core-valence energy :   -6.0000000000
[info|init] orbital description : 
[info|init] Label Occ.    Energy (Ry)     <R> (bohr)      Type
[info|init]    1S    1  -861.07062000   0.0454953810      core
[info|init]    1S    1  -861.06228000   0.0454950770      core
[info|init]    2S    1  -109.19884000   0.2025029300      core
[info|init]    2S    1  -109.19537000   0.2025014900      core
[info|init]   2P*    1   -97.55753500   0.1746510400      core
[info|init]   2P*    1   -97.55021000   0.1746546800      core
[info|init]    2P    2   -94.87010900   0.1783506100      core
[info|init]    2P    2   -94.86302100   0.1783538700      core
[info|init]    3S    1   -13.95802800   0.5982153200      core
[info|init]    3S    1   -13.94753200   0.5980697000      core
[info|init]   3P*    1   -10.04761700   0.6101777800      core
[info|init]   3P*    1   -10.03559900   0.6097899000      core
[info|init]    3P    2    -9.67854540   0.6208313300      core
[info|init]    3P    2    -9.66637860   0.6203695500      core
[info|init]   3D*    2    -2.99862230   0.6778249300   valence
[info|init]   3D*    2    -2.97944130   0.6732954200   valence
[info|init]    3D    3    -2.94525370   0.6826821000   valence
[info|init]    3D    3    -2.92573280   0.6779586200   valence
[info|init]    4S    1    -1.11759310   1.9439160000   valence
[info|init]    4S    1    -0.94871987   1.9345826000   valence
[info|init]   4P*    1    -0.44872622   2.4786460000   valence
[info|init]   4P*    0    -0.27865917   2.5778101000   valence
[info|init]    4P    2    -0.42847918   2.5271060000   valence
[info|init]    4P    0    -0.25897348   2.6413550000   valence
[info|init] spin charge partition : 
[info|init]        inside sphere outside sphere          total
[info|init] alpha  16.2571365442   1.7428634567  18.0000000010
[info|init]  beta  14.7452744363   0.2547255646  15.0000000010
[info|init] core leaking (As) :    0.0001870000
[info|init] Editing input file .in1_st...
[info|init] Creating and editing input file .in2_st...
[info|init] Editing input file .inm_st...
[info|init] Renaming input files...
[info|init] Modifying orbitals in .in1 file...
[info|init] Modifying lm list in .in2 file...
[info|init] Re-reading general information...
[info|init] Re-reading initialization information...
[info|init] Reading and calculating initialization result variables...
[info|init] Marking as done...
[info|init] Writing checkpoints...
[info|init] Writing checkpoints...
[info|init] Initialization section ended successfully...


[info|prescf] Beginning of prescf section at mié oct  8 09:08:34 CEST 2008
[info|prescf] Verifying needed sections were run...
[info|prescf] Setting default variables if missing...
[info|prescf] Determining which structures to run...
[info|prescf] Verifying section requirements structure-wise...
[info|prescf] --------------------------------------------------------------------
[info|prescf] Loading structure #1...
[info|prescf] Running kgen...
[info|prescf] Running dstart...
[info|prescf] gmin = 5.95745, gmax = 12.00000
[info|prescf] kmax = (14,14,13)
[info|prescf] number of plane waves = 830
[info|prescf] Saving atomic densities...
[info|prescf] Recovering results from prescf files...
[info|prescf] Marking as done...
[info|prescf] Writing checkpoints...
[info|prescf] Writing checkpoints...
[info|prescf] Prescf section ended successfully...


[info|scf] Beginning of scf section at mié oct  8 09:08:36 CEST 2008
[info|scf] Verifying needed sections were run...
[info|scf] Checking for executables...
[info|scf] Setting default variables if missing...
[info|scf] Determining which structures to run...
[info|scf] Verifying section requirements structure-wise...
[info|scf] --------------------------------------------------------------------
[info|scf] Loading structure #1...
[info|scf] Running SCF calculation...
[info|scf] using commands :  -i 100 -cc 0.000100 -ec 0.000010
[info|scf] Non-spinpolarized calculation
[info|scf] Number of cycles : 9
[info|scf] Cycle  Fermi energy    Total energy    Inter. q  sph. q 1 
[info|scf] 1      0.4782700000    -9044.3740750000 3.413959  31.292822
[info|scf] 2      0.4777500000    -9044.3736080000 3.413910  31.292846
[info|scf] 3      0.4641200000    -9044.3728120000 3.415816  31.291896
[info|scf] 4      0.4638100000    -9044.3727820000 3.416426  31.291591
[info|scf] 5      0.4636400000    -9044.3725720000 3.421156  31.289225
[info|scf] 6      0.4636000000    -9044.3725790000 3.421093  31.289256
[info|scf] 7      0.4634900000    -9044.3725690000 3.420553  31.289526
[info|scf] 8      0.4634700000    -9044.3725670000 3.420517  31.289544
[info|scf] 9      0.4634200000    -9044.3725610000 3.420433  31.289586
[info|scf] Last iteration band structure:
[info|scf] Band  Emin       Emax       
[info|scf] Semicore-valence energy sep. : 
[info|scf] --------end of scf--------                                  
[info|scf] Extracting information from .scf...
[info|scf] Validating scf output...
[info|scf] Marking as done...
[info|scf] Writing checkpoints...
[info|scf] Pretty-printing summary...
[info|scf] Writing checkpoints...
[info|scf] Scf section ended successfully...


[info|critic] Beginning of critic section at mié oct  8 09:11:03 CEST 2008
[info|critic] Verifying needed sections were run...
[info|critic] Checking for executables...
[info|critic] Setting default variables if missing...
[info|critic] Determining which structures to run...
[info|critic] Verifying section requirements structure-wise...
[info|critic] ----------------------------------------------------------
[info|critic] Loading structure #1...
[info|critic] Creating .incritic input file...
[info|critic] Running critic...
[info|critic] Marking as done...
[info|critic] Writing checkpoints...
[info|critic] Pretty-printing summary...
[info|critic] Writing checkpoints...
[info|critic] Critic section ended successfully...


[info|syn] Beginning of synopsis section at mié oct  8 09:11:12 CEST 2008
[info|syn] Setting default variables if missing...
[info|syn] Probing for variable parameters in general section...
[info|syn] Probing for variable parameters in sweep section...
[info|syn] Calculating times...
[info|syn] Printing synopsis...
[info|syn] Writing checkpoints...
[info|syn] Synopsis section ended successfully...

