Welcome to runwien.awk, version : 1.0.10...

Copyright (c) 2007 Alberto Otero <alberto@carbono.quimica.uinovi.es> and 
 Víctor Luaña <victor@carbono.quimica.uniovi.es>. Universidad de Oviedo.
									     
runwien.awk is free software: you can redistribute it and/or modify   
it under the terms of the GNU General Public License as published by  
the Free Software Foundation, either version 3 of the License, or (at 
your option) any later version. 					     
									     
runwien.awk is distributed in the hope that it will be useful,	     
but WITHOUT ANY WARRANTY; without even the implied warranty of	     
MERCHANTABILITY or FITNESS FOR A PARTICULAR PURPOSE.  See the	     
GNU General Public License for more details.			     
									     
You should have received a copy of the GNU General Public License     
along with this program.  If not, see <http://www.gnu.org/licenses/>. 

[info|global] Checking for executables...
[info|global] Checking root consistency...
[info|global] Creating check directory...

[info|general] Runwien.awk lapw calculation using wien2k, version: 1.0.10
[info|general] date : mar oct  7 09:43:32 CEST 2008
[info|general] machine : neon.quimica.uniovi.es
[info|general] root : test019

[info|general] Beginning of general section at mar oct  7 09:43:32 CEST 2008
[info|general] Verifying compulsory parameters...
[info|general] Extracting info from .cif file...
[info|general] Checking for cif2struct...
[info|general] Setting default variables if missing...
[info|general] Parsing expressions for variable parameters, also #1...
[info|general] Probing linked parameters for also 1...
[info|general] Creating iteration counter for also 1...
[info|general] Linking parameters...
[info|general] Determining which structures to run...
[info|general] Calculating padding zeroes...
[info|general] Initializing index file...
[info|general] Creating struct file and index line for structure #1
[info|general] Creating directory tree structure and moving .struct...
[info|general] Marking as done...
[info|general] Writing checkpoints...
[info|general] General section ended succesfully...


[info|init] Beginning of initialization section at mar oct  7 09:43:33 CEST 2008
[info|init] Verifying needed sections were run...
[info|init] Checking for exectuables...
[info|init] Setting default variables if missing...
[info|init] Determining which structures to run...
[info|init] Verifying section requirements structure-wise...
[info|init] --------------------------------------------------------------------
[info|init] Loading structure #1...
[info|init] Calculating muffin tin radius...
[info|init] Rmt values are set to: (Symbol | representative coords | rmt)
[info|init] C 0.00000000 0.00000000 0.00000000 1.45
[info|init] Running nn program...
[info|init] Shell structure for all atoms
[info|init] Atom| Dist.(bohr)   # nn    Z|
[info|init]   1 | 2.919  4   6.0| 4.766 12   6.0| 5.589 12   6.0| 6.740  6   6.0|
[info|init]   2 | 2.919  4   6.0| 4.766 12   6.0| 5.589 12   6.0| 6.740  6   6.0|
[info|init]   3 | 2.919  4   6.0| 4.766 12   6.0| 5.589 12   6.0| 6.740  6   6.0|
[info|init]   4 | 2.919  4   6.0| 4.766 12   6.0| 5.589 12   6.0| 6.740  6   6.0|
[info|init]   5 | 2.919  4   6.0| 4.766 12   6.0| 5.589 12   6.0| 6.740  6   6.0|
[info|init]   6 | 2.919  4   6.0| 4.766 12   6.0| 5.589 12   6.0| 6.740  6   6.0|
[info|init]   7 | 2.919  4   6.0| 4.766 12   6.0| 5.589 12   6.0| 6.740  6   6.0|
[info|init]   8 | 2.919  4   6.0| 4.766 12   6.0| 5.589 12   6.0| 6.740  6   6.0|
[info|init] Running sgroup...
[info|init] warning: !!! Bravais lattice has changed.
[info|init] Bravais lattice: Cubic all faces centred
[info|init] Atom 1   Names of point group: -43m  -43m    Td
[info|init] Number and name of space group: 227 (F d -3 m) [origin choice 2]
[info|init] Copying new .struct file from sgroup...
[info|init] Re-reading global information from struct file...
[info|init] Running symmetry and creating new .struct...
[info|init]   the crystal system is cubic       
[info|init]   order of lattice point group (no base) =            48
[info|init]   order of lattice space group (with base) =          48
[info|init]   non-symmorphic space group or non-standard origin of coordinates
[info|init]   space group contains inversion
[info|init] Re-reading global information from struct file...
[info|init] Creating .inst file...
[info|init] Running lstart...
[info|init] atom : C
[info|init] core-valence energy :   -6.0000000000
[info|init] orbital description : 
[info|init] Label Occ.    Energy (Ry)     <R> (bohr)      Type
[info|init]    1S    1   -20.07524400   0.2710042200      core
[info|init]    1S    1   -20.01563300   0.2703714200      core
[info|init]    2S    1    -1.07605010   1.5552237000   valence
[info|init]    2S    1    -0.87322556   1.6070048000   valence
[info|init]   2P*    1    -0.44836646   1.7453922000   valence
[info|init]   2P*    0    -0.26550363   1.9273508000   valence
[info|init]    2P    1    -0.44770331   1.7466714000   valence
[info|init]    2P    0    -0.26491369   1.9291769000   valence
[info|init] spin charge partition : 
[info|init]        inside sphere outside sphere          total
[info|init] alpha   2.4082923038   1.5917076962   4.0000000000
[info|init]  beta   1.4827976291   0.5172023709   2.0000000000
[info|init] core leaking (C) :    0.0000740000
[info|init] Editing input file .in1_st...
[info|init] Creating and editing input file .in2_st...
[info|init] Editing input file .inm_st...
[info|init] Renaming input files...
[info|init] Modifying orbitals in .in1 file...
[info|init] Modifying lm list in .in2 file...
[info|init] Re-reading general information...
[info|init] Re-reading initialization information...
[info|init] Reading and calculating initialization result variables...
[info|init] Marking as done...
[info|init] Writing checkpoints...
[info|init] Writing checkpoints...
[info|init] Initialization section ended successfully...


[info|prescf] Beginning of prescf section at mar oct  7 09:43:35 CEST 2008
[info|prescf] Verifying needed sections were run...
[info|prescf] Setting default variables if missing...
[info|prescf] Determining which structures to run...
[info|prescf] Verifying section requirements structure-wise...
[info|prescf] --------------------------------------------------------------------
[info|prescf] Loading structure #1...
[info|prescf] Running kgen...
[info|prescf] Running dstart...
[info|prescf] gmin = 10.34483, gmax = 12.00000
[info|prescf] kmax = (7,7,7)
[info|prescf] number of plane waves = 84
[info|prescf] Saving atomic densities...
[info|prescf] Recovering results from prescf files...
[info|prescf] Marking as done...
[info|prescf] Writing checkpoints...
[info|prescf] Writing checkpoints...
[info|prescf] Prescf section ended successfully...


[info|scf] Beginning of scf section at mar oct  7 09:43:39 CEST 2008
[info|scf] Verifying needed sections were run...
[info|scf] Checking for exectuables...
[info|scf] Setting default variables if missing...
[info|scf] Determining which structures to run...
[info|scf] Verifying section requirements structure-wise...
[info|scf] --------------------------------------------------------------------
[info|scf] Loading structure #1...
[info|scf] Running SCF calculation...
[info|scf] using commands :  -i 30 -ec 0.000100
[info|scf] Non-spinpolarized calculation
[info|scf] Number of cycles : 7
[info|scf] Cycle  Fermi energy    Total energy    Inter. q  sph. q 1 
[info|scf] 1      0.7637500000    -152.4310190000 2.986947  4.506448 
[info|scf] 2      0.7665800000    -152.4283990000 2.990685  4.504579 
[info|scf] 3      0.8581200000    -152.3931950000 3.107376  4.446232 
[info|scf] 4      0.8576500000    -152.3931460000 3.106767  4.446536 
[info|scf] 5      0.8515500000    -152.3927120000 3.098708  4.450566 
[info|scf] 6      0.8516400000    -152.3926920000 3.098845  4.450498 
[info|scf] 7      0.8518900000    -152.3926210000 3.099352  4.450245 
[info|scf] Last iteration band structure:
[info|scf] Band  Emin       Emax       
[info|scf] Semicore-valence energy sep. : 
[info|scf] --------end of scf--------                                  
[info|scf] Extracting information from .scf...
[info|scf] Validating scf output...
[info|scf] Marking as done...
[info|scf] Writing checkpoints...
[info|scf] Pretty-printing summary...
[info|scf] Writing checkpoints...
[info|scf] Scf section ended successfully...


[info|syn] Beginning of synopsis section at mar oct  7 09:47:30 CEST 2008
[info|syn] Setting default variables if missing...
[info|syn] Probing for variable parameters in general section...
[info|syn] Probing for variable parameters in sweep section...
[info|syn] Calculating times...
[info|syn] Printing synopsis...
[info|syn] Writing checkpoints...
[info|syn] Synopsis section ended successfully...

