General information
---------------------------------------------------------------------
title   : runwien.awk lapw calculation, v.1.0.10
root    : test019
pwd     : /home/alberto/cvs/runwien/test/test019
machine : neon.quimica.uniovi.es
date    : mar oct  7 09:47:30 CEST 2008

Sections run and time information
---------------------------------------------------------------------
general section run, time (s) = 1
initialization section run, time (s) = 2
prescf section run, time (s) = 4
scf section run, time (s) = 231
total run time (s) = 238

Structural information
---------------------------------------------------------------------
Mol. formula : C1
Mol. mass    : 12.010700
a / bohr     : 6.74025600
b / bohr     : 6.74025600
c / bohr     : 6.74025600
alpha / deg  : 90.00000000
beta / deg   : 90.00000000
gamma / deg  : 90.00000000
c/a          : 1.00000000
c/b          : 1.00000000
b/a          : 1.00000000
volume/bohr^3: 306.21691372
Mol. volume  : 38.27711422
space group  : Fd-3m
lattice      : F
system       : cubic
inversion?   : no
structure loaded from .cif file : diamond.cif
nonequivalent atom list in .struct (and position of a representative atom):
  atom 1 is C mult= 2 x= 0.12500000 y= 0.12500000 z= 0.12500000 sym= -43m

Additional information
---------------------------------------------------------------------
Number of electrons in unit cell : 12
Valence electrons in unit cell   : 8
Core electrons in unit cell      : 4
Core | val | total e- for atom   : [C] 2 | 4 | 6
Core | val el. conf. for atom    : [C] 1S(2) | 2S(2)2P(2)
Core leaking (e-) for atom 1 : [C] 7.40000e-05
Atomic energy (lstart) [ C]      : -75.6208050
Total in vacuo energy (lstart)   : -75.6208050

Calculation fixed parameters
---------------------------------------------------------------------
spinpolarized               : no
relativistic first density  : yes
general, npt (atom 1)       : 781
general, rmt (atom 1)       : 1.45000
general, r0  (atom 1)       : 0.00010000
general, rkmax              : 7.50000
general, lmax               : 10
general, lnsmax             : 4
general, gmax               : 12.000
general, mix                : 0.20000
general, kpts               : 5000
initialization, potential   : ggapbe96
initialization, ecoreval /ry: -6.000
initialization, emin / ry   : -9.00000000
initialization, emax / ry   : 2.00000000
scf, commands used          :  -i 30 -ec 0.000100


Only one structure, no variable parameters
Energy*/ry  = -76.1963105000
E fermi /ry = 0.85189
No critic data available



Output, index, plot and gnuplot files
---------------------------------------------------------------------
* .out files
 - scfsummary.out
 - synopsis-firstpass.out
* .index files
 - test019.index
* .ps files
* .gnuplot files

Exhaustive information for general structures
---------------------------------------------------------------------
metric matrix (1,1) : 45.4310509455
metric matrix (1,2) : 0.0000000000
metric matrix (1,3) : 0.0000000000
metric matrix (2,2) : 45.4310509455
metric matrix (2,3) : 0.0000000000
metric matrix (3,3) : 45.4310509455
complete basis specification for atom 1 : 
  0.30000000 3    0   
  0 -0.78000  0.01000   CONT 1
  0 0.30000   0.00000   CONT 1
  1 0.30000   0.00000   CONT 1

additional information :
  num  sp. fll gmin   rkm(r) pws    k(ibz) los esmcval  bndemin  bndemax  
  1    0.08341 10.345 7.020  84     165    10  -999.00000 -0.72774 1.99869  

convergence details (DIRB angle) : 
  ite  1     
1      0.0   
2      2.4   
3      3.2   
4      21.4  
5      8.9   
6      51.5  
