Welcome to runwien.awk, version : 1.0.10...

Copyright (c) 2007 Alberto Otero <alberto@carbono.quimica.uinovi.es> and 
 Víctor Luaña <victor@carbono.quimica.uniovi.es>. Universidad de Oviedo.
									     
runwien.awk is free software: you can redistribute it and/or modify   
it under the terms of the GNU General Public License as published by  
the Free Software Foundation, either version 3 of the License, or (at 
your option) any later version. 					     
									     
runwien.awk is distributed in the hope that it will be useful,	     
but WITHOUT ANY WARRANTY; without even the implied warranty of	     
MERCHANTABILITY or FITNESS FOR A PARTICULAR PURPOSE.  See the	     
GNU General Public License for more details.			     
									     
You should have received a copy of the GNU General Public License     
along with this program.  If not, see <http://www.gnu.org/licenses/>. 

[info|global] Checking for executables...
[info|global] Checking root consistency...
[info|global] Creating check directory...

[info|general] Runwien.awk lapw calculation using wien2k, version: 1.0.10
[info|general] date : lun oct  6 14:38:04 CEST 2008
[info|general] machine : neon.quimica.uniovi.es
[info|general] root : test008

[info|general] Beginning of general section at lun oct  6 14:38:04 CEST 2008
[info|general] Verifying compulsory parameters...
[info|general] Setting default variables if missing...
[info|general] Parsing expressions for variable parameters, also #1...
[info|general] Probing linked parameters for also 1...
[info|general] Creating iteration counter for also 1...
[info|general] Linking parameters...
[info|general] Determining which structures to run...
[info|general] Calculating padding zeroes...
[info|general] Initializing index file...
[info|general] Creating struct file and index line for structure #1
[info|general] Creating directory tree structure and moving .struct...
[info|general] Marking as done...
[info|general] Writing checkpoints...
[info|general] General section ended succesfully...


[info|init] Beginning of initialization section at lun oct  6 14:38:04 CEST 2008
[info|init] Verifying needed sections were run...
[info|init] Checking for exectuables...
[info|init] Setting default variables if missing...
[info|init] Determining which structures to run...
[info|init] Verifying section requirements structure-wise...
[info|init] --------------------------------------------------------------------
[info|init] Loading structure #1...
[info|init] Calculating muffin tin radius...
[info|init] Rmt values are set to: (Symbol | representative coords | rmt)
[info|init] Mg 0.66666667 0.33333333 0.75000000 2.50000
[info|init] Running nn program...
[info|init] Shell structure for all atoms
[info|init] Atom| Dist.(bohr)   # nn    Z|
[info|init]   1 | 6.489  6  12.0| 6.745  6  12.0| 9.359  6  12.0|10.381  2  12.0|
[info|init]   2 | 6.489  6  12.0| 6.745  6  12.0| 9.359  6  12.0|10.381  2  12.0|
[info|init] Running sgroup...
[info|init] Bravais lattice: Hexagonal
[info|init] Atom 1   Names of point group: -6m2  -6m2    D3h
[info|init] Number and name of space group: 194 (P 63/m m c)
[info|init] Running symmetry and creating new .struct...
[info|init]   the crystal system is hexagonal   
[info|init]   order of lattice point group (no base) =            24
[info|init]   order of lattice space group (with base) =          24
[info|init]   non-symmorphic space group or non-standard origin of coordinates
[info|init]   space group contains inversion
[info|init] Re-reading global information from struct file...
[info|init] Creating .inst file...
[info|init] Running lstart...
[info|init] atom : Mg
[info|init] core-valence energy :   -6.0000000000
[info|init] orbital description : 
[info|init] Label Occ.    Energy (Ry)     <R> (bohr)      Type
[info|init]    1S    1   -92.57743400   0.1306166900      core
[info|init]    1S    1   -92.57743400   0.1306166900      core
[info|init]    2S    1    -5.86814540   0.6971254800   valence
[info|init]    2S    1    -5.86814540   0.6971254800   valence
[info|init]   2P*    1    -3.43978410   0.6878734500   valence
[info|init]   2P*    1    -3.43978410   0.6878734500   valence
[info|init]    2P    2    -3.41859080   0.6901964700   valence
[info|init]    2P    2    -3.41859080   0.6901964700   valence
[info|init]    3S    1    -0.34583950   3.1504243000   valence
[info|init]    3S    1    -0.34583950   3.1504243000   valence
[info|init] spin charge partition : 
[info|init]        inside sphere outside sphere          total
[info|init] alpha   5.3368452339   0.6631547661   6.0000000000
[info|init]  beta   5.3368452339   0.6631547661   6.0000000000
[info|init] core leaking (Mg) :    0.0000000000
[info|init] Editing input file .in1_st...
[info|init] Creating and editing input file .in2_st...
[info|init] Editing input file .inm_st...
[info|init] Renaming input files...
[info|init] Modifying orbitals in .in1 file...
[info|init] Modifying lm list in .in2 file...
[info|init] Re-reading general information...
[info|init] Re-reading initialization information...
[info|init] Reading and calculating initialization result variables...
[info|init] Marking as done...
[info|init] Writing checkpoints...
[info|init] Writing checkpoints...
[info|init] Initialization section ended successfully...


[info|prescf] Beginning of prescf section at lun oct  6 14:38:06 CEST 2008
[info|prescf] Verifying needed sections were run...
[info|prescf] Setting default variables if missing...
[info|prescf] Determining which structures to run...
[info|prescf] Verifying section requirements structure-wise...
[info|prescf] --------------------------------------------------------------------
[info|prescf] Loading structure #1...
[info|prescf] Running kgen...
[info|prescf] Running dstart...
[info|prescf] gmin = 6.40000, gmax = 20.00000
[info|prescf] kmax = (22,22,34)
[info|prescf] number of plane waves = 2761
[info|prescf] Saving atomic densities...
[info|prescf] Recovering results from prescf files...
[info|prescf] Marking as done...
[info|prescf] Writing checkpoints...
[info|prescf] Writing checkpoints...
[info|prescf] Prescf section ended successfully...


[info|scf] Beginning of scf section at lun oct  6 14:38:07 CEST 2008
[info|scf] Verifying needed sections were run...
[info|scf] Checking for exectuables...
[info|scf] Setting default variables if missing...
[info|scf] Determining which structures to run...
[info|scf] Verifying section requirements structure-wise...
[info|scf] --------------------------------------------------------------------
[info|scf] Loading structure #1...
[info|scf] Running SCF calculation...
[info|scf] using commands :  -i 30 -ec 0.000010 -it  -in1new 3 
[info|scf] Non-spinpolarized calculation
[info|scf] Number of cycles : 11
[info|scf] Cycle  Fermi energy    Total energy    Inter. q  sph. q 1 
[info|scf] 1      0.1374000000    -801.3151270000 2.730821  10.634589
[info|scf] 2      0.1371400000    -801.3151830000 2.730771  10.634611
[info|scf] 3      0.1302900000    -801.2889670000 2.727897  10.636047
[info|scf] 4      0.1308800000    -801.3016300000 2.728771  10.635614
[info|scf] 5      0.1286500000    -801.3138940000 2.722540  10.638730
[info|scf] 6      0.1291700000    -801.3145040000 2.723610  10.638189
[info|scf] 7      0.1291400000    -801.3145670000 2.723416  10.638291
[info|scf] 8      0.1296500000    -801.3144600000 2.725440  10.637272
[info|scf] 9      0.1296500000    -801.3144860000 2.725520  10.637240
[info|scf] 10     0.1296300000    -801.3144970000 2.725492  10.637249
[info|scf] 11     0.1296100000    -801.3144960000 2.725476  10.637265
[info|scf] Last iteration band structure:
[info|scf] Band  Emin       Emax       
[info|scf] Semicore-valence energy sep. : 
[info|scf] --------end of scf--------                                  
[info|scf] Extracting information from .scf...
[info|scf] Validating scf output...
[info|scf] Marking as done...
[info|scf] Writing checkpoints...
[info|scf] Pretty-printing summary...
[info|scf] Writing checkpoints...
[info|scf] Scf section ended successfully...


[info|dos] Beginning of dosplot section at lun oct  6 14:45:10 CEST 2008
[info|dos] Verifying needed sections were run
[info|dos] Checking for exectuables...
[info|dos] Setting default variables if missing...
[info|dos] Determining which structures to run...
[info|dos] Verifying section requirements structure-wise...
[info|dos] ----------------------------------------------------------
[info|dos] Loading structure #1...
[info|dos] Setting default variables for this structure...
[info|dos] Expanding eigenvalue window (lapw1)...
[info|dos] Calculating partial charges (lapw2 -qtl)...
[info|dos] Creating .int input file...
[info|dos] Running tetra...
[info|dos] Making dos plots...
[info|dos] Making joint dos plots...
[info|dos] Restoring original .in1...
[info|dos] Marking as done...
[info|dos] Writing checkpoints...
[info|dos] Writing checkpoints...
[info|dos] Dosplot section ended successfully...


[info|syn] Beginning of synopsis section at lun oct  6 14:45:57 CEST 2008
[info|syn] Setting default variables if missing...
[info|syn] Probing for variable parameters in general section...
[info|syn] Probing for variable parameters in sweep section...
[info|syn] Calculating times...
[info|syn] Printing synopsis...
[info|syn] Writing checkpoints...
[info|syn] Synopsis section ended successfully...

