Welcome to runwien.awk, version : 1.0.10...

Copyright (c) 2007 Alberto Otero <alberto@carbono.quimica.uinovi.es> and 
 Víctor Luaña <victor@carbono.quimica.uniovi.es>. Universidad de Oviedo.
									     
runwien.awk is free software: you can redistribute it and/or modify   
it under the terms of the GNU General Public License as published by  
the Free Software Foundation, either version 3 of the License, or (at 
your option) any later version. 					     
									     
runwien.awk is distributed in the hope that it will be useful,	     
but WITHOUT ANY WARRANTY; without even the implied warranty of	     
MERCHANTABILITY or FITNESS FOR A PARTICULAR PURPOSE.  See the	     
GNU General Public License for more details.			     
									     
You should have received a copy of the GNU General Public License     
along with this program.  If not, see <http://www.gnu.org/licenses/>. 

[info|global] Checking for executables...
[info|global] Checking root consistency...
[info|global] Creating check directory...

[info|general] Runwien.awk lapw calculation using wien2k, version: 1.0.10
[info|general] date : lun oct  6 13:13:54 CEST 2008
[info|general] machine : neon.quimica.uniovi.es
[info|general] root : test002

[info|general] Beginning of general section at lun oct  6 13:13:54 CEST 2008
[info|general] Verifying compulsory parameters...
[info|general] Setting default variables if missing...
[info|general] Parsing expressions for variable parameters, also #1...
[info|general] Probing linked parameters for also 1...
[info|general] Creating iteration counter for also 1...
[info|general] Linking parameters...
[info|general] Determining which structures to run...
[info|general] Calculating padding zeroes...
[info|general] Initializing index file...
[info|general] Creating struct file and index line for structure #1
[info|general] Creating directory tree structure and moving .struct...
[info|general] Marking as done...
[info|general] Writing checkpoints...
[info|general] General section ended succesfully...


[info|init] Beginning of initialization section at lun oct  6 13:13:54 CEST 2008
[info|init] Verifying needed sections were run...
[info|init] Checking for exectuables...
[info|init] Setting default variables if missing...
[info|init] Determining which structures to run...
[info|init] Verifying section requirements structure-wise...
[info|init] --------------------------------------------------------------------
[info|init] Loading structure #1...
[info|init] Calculating muffin tin radius...
[info|init] Rmt values are set to: (Symbol | representative coords | rmt)
[info|init] Ni 0.0 0.0 0.0 2.3
[info|init] Running nn program...
[info|init] Shell structure for all atoms
[info|init] Atom| Dist.(bohr)   # nn    Z|
[info|init]   1 | 4.738 12  28.0| 6.700  6  28.0| 8.206 24  28.0| 9.475 12  28.0|
[info|init] Running sgroup...
[info|init] Bravais lattice: Cubic all faces centred
[info|init] Atom 1   Names of point group: m-3m   4/m -3 2/m   Oh
[info|init] Number and name of space group: 225 (F m -3 m)
[info|init] Running symmetry and creating new .struct...
[info|init]   the crystal system is cubic       
[info|init]   order of lattice point group (no base) =            48
[info|init]   order of lattice space group (with base) =          48
[info|init]   space group is symmorphic
[info|init]   space group contains inversion
[info|init] Re-reading global information from struct file...
[info|init] Creating .inst file...
[info|init] Running lstart...
[info|init] atom : Ni
[info|init] core-valence energy :   -6.0000000000
[info|init] orbital description : 
[info|init] Label Occ.    Energy (Ry)     <R> (bohr)      Type
[info|init]    1S    1  -603.42553000   0.0540874050      core
[info|init]    1S    1  -603.42557000   0.0540872390      core
[info|init]    2S    1   -72.16498500   0.2447975100      core
[info|init]    2S    1   -72.08421600   0.2446248400      core
[info|init]   2P*    1   -62.93715100   0.2131801500      core
[info|init]   2P*    1   -62.87770400   0.2129959300      core
[info|init]    2P    2   -61.65316600   0.2164069300      core
[info|init]    2P    2   -61.59172700   0.2162158500      core
[info|init]    3S    1    -8.23247880   0.7393535400      core
[info|init]    3S    1    -8.06672310   0.7407487200      core
[info|init]   3P*    1    -5.42553800   0.7707104000   valence
[info|init]   3P*    1    -5.26238260   0.7732004800   valence
[info|init]    3P    2    -5.26271040   0.7807700300   valence
[info|init]    3P    2    -5.10086170   0.7833931300   valence
[info|init]   3D*    2    -0.72688433   0.9916789400   valence
[info|init]   3D*    2    -0.58169591   1.0289368000   valence
[info|init]    3D    3    -0.70904852   0.9989577800   valence
[info|init]    3D    1    -0.56450437   1.0376761000   valence
[info|init]    4S    1    -0.42699486   2.7737295000   valence
[info|init]    4S    1    -0.40116918   2.8494412000   valence
[info|init] spin charge partition : 
[info|init]        inside sphere outside sphere          total
[info|init] alpha  14.1921801677   0.8078198327  15.0000000004
[info|init]  beta  12.2135944244   0.7864055760  13.0000000004
[info|init] core leaking (Ni) :    0.0004220000
[info|init] Editing input file .in1_st...
[info|init] Creating and editing input file .in2_st...
[info|init] Editing input file .inm_st...
[info|init] Renaming input files...
[info|init] Modifying orbitals in .in1 file...
[info|init] Modifying lm list in .in2 file...
[info|init] Re-reading general information...
[info|init] Re-reading initialization information...
[info|init] Reading and calculating initialization result variables...
[info|init] Marking as done...
[info|init] Writing checkpoints...
[info|init] Writing checkpoints...
[info|init] Initialization section ended successfully...


[info|prescf] Beginning of prescf section at lun oct  6 13:13:55 CEST 2008
[info|prescf] Verifying needed sections were run...
[info|prescf] Setting default variables if missing...
[info|prescf] Determining which structures to run...
[info|prescf] Verifying section requirements structure-wise...
[info|prescf] --------------------------------------------------------------------
[info|prescf] Loading structure #1...
[info|prescf] Running kgen...
[info|prescf] Running dstart...
[info|prescf] gmin = 6.95652, gmax = 12.00000
[info|prescf] kmax = (7,7,7)
[info|prescf] number of plane waves = 81
[info|prescf] Saving atomic densities...
[info|prescf] Recovering results from prescf files...
[info|prescf] Marking as done...
[info|prescf] Writing checkpoints...
[info|prescf] Writing checkpoints...
[info|prescf] Prescf section ended successfully...


[info|scf] Beginning of scf section at lun oct  6 13:14:01 CEST 2008
[info|scf] Verifying needed sections were run...
[info|scf] Checking for exectuables...
[info|scf] Setting default variables if missing...
[info|scf] Determining which structures to run...
[info|scf] Verifying section requirements structure-wise...
[info|scf] --------------------------------------------------------------------
[info|scf] Loading structure #1...
[info|scf] Running SCF calculation...
[info|scf] using commands :  -i 30 -cc 0.000100
[info|scf] Spinpolarized calculation
[info|scf] Number of cycles : 13
[info|scf] Cycle  Fermi energy    Total energy    Inter. q  sph. q 1 
[info|scf] 1      0.6259600000    -3041.6434990000 0.902643  27.096839
[info|scf] 2      0.6230200000    -3041.6440950000 0.901150  27.098341
[info|scf] 3      0.4978500000    -3041.6677690000 0.841580  27.157917
[info|scf] 4      0.5032000000    -3041.6660730000 0.851911  27.147590
[info|scf] 5      0.5271800000    -3041.6637020000 0.888643  27.110842
[info|scf] 6      0.5263500000    -3041.6637500000 0.887514  27.111977
[info|scf] 7      0.5351600000    -3041.6647980000 0.883770  27.115722
[info|scf] 8      0.5364000000    -3041.6647850000 0.885678  27.113804
[info|scf] 9      0.5353200000    -3041.6648030000 0.885326  27.114165
[info|scf] 10     0.5352400000    -3041.6648050000 0.885637  27.113854
[info|scf] 11     0.5352500000    -3041.6648020000 0.885694  27.113797
[info|scf] 12     0.5352400000    -3041.6648010000 0.885701  27.113790
[info|scf] 13     0.5352400000    -3041.6647990000 0.885713  27.113783
[info|scf] Last iteration band structure:
[info|scf] Band  Emin       Emax       
[info|scf] Semicore-valence energy sep. : 
[info|scf] --------end of scf--------                                  
[info|scf] Extracting information from .scf...
[info|scf] Validating scf output...
[info|scf] Marking as done...
[info|scf] Writing checkpoints...
[info|scf] Pretty-printing summary...
[info|scf] Writing checkpoints...
[info|scf] Scf section ended successfully...


[info|syn] Beginning of synopsis section at lun oct  6 13:15:44 CEST 2008
[info|syn] Setting default variables if missing...
[info|syn] Probing for variable parameters in general section...
[info|syn] Probing for variable parameters in sweep section...
[info|syn] Calculating times...
[info|syn] Printing synopsis...
[info|syn] Writing checkpoints...
[info|syn] Synopsis section ended successfully...

