Welcome to runwien.awk, version : 1.0.10...

Copyright (c) 2007 Alberto Otero <alberto@carbono.quimica.uinovi.es> and 
 Víctor Luaña <victor@carbono.quimica.uniovi.es>. Universidad de Oviedo.
									     
runwien.awk is free software: you can redistribute it and/or modify   
it under the terms of the GNU General Public License as published by  
the Free Software Foundation, either version 3 of the License, or (at 
your option) any later version. 					     
									     
runwien.awk is distributed in the hope that it will be useful,	     
but WITHOUT ANY WARRANTY; without even the implied warranty of	     
MERCHANTABILITY or FITNESS FOR A PARTICULAR PURPOSE.  See the	     
GNU General Public License for more details.			     
									     
You should have received a copy of the GNU General Public License     
along with this program.  If not, see <http://www.gnu.org/licenses/>. 

[info|global] Checking for executables...
[info|global] Checking root consistency...
[info|global] Creating check directory...

[info|general] Runwien.awk lapw calculation using wien2k, version: 1.0.10
[info|general] date : lun oct  6 18:51:29 CEST 2008
[info|general] machine : neon.quimica.uniovi.es
[info|general] root : test015

[info|general] Beginning of general section at lun oct  6 18:51:29 CEST 2008
[info|general] Verifying compulsory parameters...
[info|general] Setting default variables if missing...
[info|general] Parsing expressions for variable parameters, also #1...
[info|general] Probing linked parameters for also 1...
[info|general] Creating iteration counter for also 1...
[info|general] Linking parameters...
[info|general] Determining which structures to run...
[info|general] Calculating padding zeroes...
[info|general] Initializing index file...
[info|general] Creating struct file and index line for structure #1
[info|general] Creating directory tree structure and moving .struct...
[info|general] Marking as done...
[info|general] Writing checkpoints...
[info|general] General section ended succesfully...


[info|init] Beginning of initialization section at lun oct  6 18:51:29 CEST 2008
[info|init] Verifying needed sections were run...
[info|init] Checking for exectuables...
[info|init] Setting default variables if missing...
[info|init] Determining which structures to run...
[info|init] Verifying section requirements structure-wise...
[info|init] --------------------------------------------------------------------
[info|init] Loading structure #1...
[info|init] Calculating muffin tin radius...
[info|init] Rmt values are set to: (Symbol | representative coords | rmt)
[info|init] Cr 0.66666667 0.33333333 0.75000000 2.41
[info|init] Running nn program...
[info|init] Shell structure for all atoms
[info|init] Atom| Dist.(bohr)   # nn    Z|
[info|init]   1 | 4.855 12  24.0| 6.866  6  24.0| 7.929  2  24.0| 8.409 18  24.0|
[info|init]   2 | 4.855 12  24.0| 6.866  6  24.0| 7.929  2  24.0| 8.409 18  24.0|
[info|init] Running sgroup...
[info|init] Bravais lattice: Hexagonal
[info|init] Atom 1   Names of point group: -6m2  -6m2    D3h
[info|init] Number and name of space group: 194 (P 63/m m c)
[info|init] Running symmetry and creating new .struct...
[info|init]   the crystal system is hexagonal   
[info|init]   order of lattice point group (no base) =            24
[info|init]   order of lattice space group (with base) =          24
[info|init]   non-symmorphic space group or non-standard origin of coordinates
[info|init]   space group contains inversion
[info|init] Re-reading global information from struct file...
[info|init] Creating .inst file...
[info|init] Running lstart...
[info|init] atom : Cr
[info|init] core-valence energy :   -6.0000000000
[info|init] orbital description : 
[info|init] Label Occ.    Energy (Ry)     <R> (bohr)      Type
[info|init]    1S    1  -432.14637000   0.0635509400      core
[info|init]    1S    1  -432.14471000   0.0635510260      core
[info|init]    2S    1   -49.01931700   0.2929733800      core
[info|init]    2S    1   -48.99580400   0.2928800400      core
[info|init]   2P*    1   -41.61793800   0.2579449200      core
[info|init]   2P*    1   -41.59992500   0.2578420600      core
[info|init]    2P    2   -40.98250700   0.2608074600      core
[info|init]    2P    2   -40.96406700   0.2607013800      core
[info|init]    3S    1    -5.45764120   0.9019687800   valence
[info|init]    3S    1    -5.39263640   0.9017692500   valence
[info|init]   3P*    1    -3.41013010   0.9603394600   valence
[info|init]   3P*    1    -3.34450030   0.9596258900   valence
[info|init]    3P    2    -3.33542240   0.9695074300   valence
[info|init]    3P    2    -3.26980570   0.9687348300   valence
[info|init]   3D*    2    -0.24272198   1.5136405000   valence
[info|init]   3D*    2    -0.17018261   1.5112753000   valence
[info|init]    3D    1    -0.23708769   1.5252102000   valence
[info|init]    3D    0    -0.16448470   1.5237416000   valence
[info|init]    4S    1    -0.32449354   3.3732374000   valence
[info|init]    4S    0    -0.24609010   3.4908203000   valence
[info|init] spin charge partition : 
[info|init]        inside sphere outside sphere          total
[info|init] alpha  11.7710830654   1.2289169348  13.0000000002
[info|init]  beta  10.6888679308   0.3111320694  11.0000000002
[info|init] core leaking (Cr) :    0.0000000000
[info|init] Editing input file .in1_st...
[info|init] Creating and editing input file .in2_st...
[info|init] Editing input file .inm_st...
[info|init] Renaming input files...
[info|init] Modifying orbitals in .in1 file...
[info|init] Modifying orbitals for atom 1 with:
[info|init] 1 5 .53760 0 0 0.535 0.000 cont 1 0 -4.404 0.002 cont 1 1 0.677 0.000 cont 1 1 -2.298 0.000 cont 1 2 0.718 0.000 cont 1
[info|init] Modifying lm list in .in2 file...
[info|init] Re-reading general information...
[info|init] Re-reading initialization information...
[info|init] Reading and calculating initialization result variables...
[info|init] Marking as done...
[info|init] Writing checkpoints...
[info|init] Writing checkpoints...
[info|init] Initialization section ended successfully...


[info|prescf] Beginning of prescf section at lun oct  6 18:51:30 CEST 2008
[info|prescf] Verifying needed sections were run...
[info|prescf] Setting default variables if missing...
[info|prescf] Determining which structures to run...
[info|prescf] Verifying section requirements structure-wise...
[info|prescf] --------------------------------------------------------------------
[info|prescf] Loading structure #1...
[info|prescf] Running kgen...
[info|prescf] Running dstart...
[info|prescf] gmin = 6.22407, gmax = 12.00000
[info|prescf] kmax = (10,10,16)
[info|prescf] number of plane waves = 293
[info|prescf] Saving atomic densities...
[info|prescf] Recovering results from prescf files...
[info|prescf] Marking as done...
[info|prescf] Writing checkpoints...
[info|prescf] Writing checkpoints...
[info|prescf] Prescf section ended successfully...


[info|scf] Beginning of scf section at lun oct  6 18:51:43 CEST 2008
[info|scf] Verifying needed sections were run...
[info|scf] Checking for exectuables...
[info|scf] Setting default variables if missing...
[info|scf] Determining which structures to run...
[info|scf] Verifying section requirements structure-wise...
[info|scf] --------------------------------------------------------------------
[info|scf] Loading structure #1...
[info|scf] Running SCF calculation...
[info|scf] using commands :  -i 100 -ec 0.000010 -it  -in1new 3 
[info|scf] Spinpolarized calculation
[info|scf] Number of cycles : 37
[info|scf] Cycle  Fermi energy    Total energy    Inter. q  sph. q 1 
[info|scf] 1      0.8693800000    -4203.6162820000 2.226000  22.886981
[info|scf] 2      0.8674000000    -4203.6093500000 2.219163  22.890399
[info|scf] 3      0.7100600000    -4203.3676470000 1.820927  23.089518
[info|scf] 4      0.7070300000    -4203.4117410000 1.841729  23.079121
[info|scf] 5      0.6871200000    -4203.4672800000 1.793287  23.103338
[info|scf] 6      0.6976400000    -4203.4769980000 1.892628  23.053667
[info|scf] 7      0.6461800000    -4203.4187720000 1.791104  23.104430
[info|scf] 8      0.6453300000    -4203.4448800000 1.792141  23.103912
[info|scf] 9      0.6464600000    -4203.4866480000 1.792962  23.103500
[info|scf] 10     0.6490800000    -4203.4875610000 1.799650  23.100155
[info|scf] 11     0.6199200000    -4203.4874420000 1.792907  23.103526
[info|scf] 12     0.7041200000    -4203.4768820000 1.873685  23.063138
[info|scf] 13     0.6106100000    -4203.4142670000 1.797399  23.101282
[info|scf] 14     0.5763300000    -4203.4340530000 1.776296  23.111835
[info|scf] 15     0.6362900000    -4203.4881120000 1.803359  23.098302
[info|scf] 16     0.6441200000    -4203.4894740000 1.796234  23.101863
[info|scf] 17     0.6914600000    -4203.4858740000 1.835378  23.082291
[info|scf] 18     0.6551700000    -4203.4837500000 1.807841  23.096059
[info|scf] 19     0.6535600000    -4203.4882650000 1.814237  23.092862
[info|scf] 20     0.6855600000    -4203.4873350000 1.817932  23.091014
[info|scf] 21     0.6798500000    -4203.4867270000 1.825610  23.087175
[info|scf] 22     0.6793000000    -4203.4883010000 1.817492  23.091234
[info|scf] 23     0.6698800000    -4203.4872990000 1.835572  23.082194
[info|scf] 24     0.6761100000    -4203.4872440000 1.840234  23.079863
[info|scf] 25     0.6739400000    -4203.4876200000 1.846229  23.076866
[info|scf] 26     0.6737000000    -4203.4877750000 1.845034  23.077463
[info|scf] 27     0.6769400000    -4203.4878850000 1.843197  23.078381
[info|scf] 28     0.6839600000    -4203.4881670000 1.839215  23.080373
[info|scf] 29     0.6836000000    -4203.4879210000 1.842780  23.078590
[info|scf] 30     0.6827000000    -4203.4877480000 1.850058  23.074951
[info|scf] 31     0.6824800000    -4203.4877570000 1.848340  23.075810
[info|scf] 32     0.6826700000    -4203.4878060000 1.849775  23.075093
[info|scf] 33     0.6826600000    -4203.4878190000 1.850534  23.074713
[info|scf] 34     0.6826700000    -4203.4878380000 1.850693  23.074633
[info|scf] 35     0.6825600000    -4203.4878390000 1.850880  23.074540
[info|scf] 36     0.6825200000    -4203.4878560000 1.851075  23.074442
[info|scf] 37     0.6824200000    -4203.4878570000 1.851153  23.074403
[info|scf] Last iteration band structure:
[info|scf] Band  Emin       Emax       
[info|scf] Semicore-valence energy sep. : 
[info|scf] --------end of scf--------                                  
[info|scf] Extracting information from .scf...
[info|scf] Validating scf output...
[info|scf] Marking as done...
[info|scf] Writing checkpoints...
[info|scf] Pretty-printing summary...
[info|scf] Writing checkpoints...
[info|scf] Scf section ended successfully...


[info|critic] Beginning of critic section at lun oct  6 19:30:31 CEST 2008
[info|critic] Verifying needed sections were run...
[info|critic] Checking for exectuables...
[info|critic] Setting default variables if missing...
[info|critic] Determining which structures to run...
[info|critic] Verifying section requirements structure-wise...
[info|critic] ----------------------------------------------------------
[info|critic] Loading structure #1...
[info|critic] Creating .incritic input file...
[info|critic] Running critic...
[info|critic] Marking as done...
[info|critic] Writing checkpoints...
[info|critic] Pretty-printing summary...
[info|critic] Writing checkpoints...
[info|critic] Critic section ended successfully...


[info|syn] Beginning of synopsis section at lun oct  6 19:30:34 CEST 2008
[info|syn] Setting default variables if missing...
[info|syn] Probing for variable parameters in general section...
[info|syn] Probing for variable parameters in sweep section...
[info|syn] Calculating times...
[info|syn] Printing synopsis...
[info|syn] Writing checkpoints...
[info|syn] Synopsis section ended successfully...

