Welcome to runwien.awk, version : 1.0.10...

Copyright (c) 2007 Alberto Otero <alberto@carbono.quimica.uinovi.es> and 
 Víctor Luaña <victor@carbono.quimica.uniovi.es>. Universidad de Oviedo.
									     
runwien.awk is free software: you can redistribute it and/or modify   
it under the terms of the GNU General Public License as published by  
the Free Software Foundation, either version 3 of the License, or (at 
your option) any later version. 					     
									     
runwien.awk is distributed in the hope that it will be useful,	     
but WITHOUT ANY WARRANTY; without even the implied warranty of	     
MERCHANTABILITY or FITNESS FOR A PARTICULAR PURPOSE.  See the	     
GNU General Public License for more details.			     
									     
You should have received a copy of the GNU General Public License     
along with this program.  If not, see <http://www.gnu.org/licenses/>. 

[info|global] Checking for executables...
[info|global] Checking root consistency...
[info|global] Creating check directory...

[info|general] Runwien.awk lapw calculation using wien2k, version: 1.0.10
[info|general] date : lun oct  6 15:20:04 CEST 2008
[info|general] machine : neon.quimica.uniovi.es
[info|general] root : test013

[info|general] Beginning of general section at lun oct  6 15:20:04 CEST 2008
[info|general] Verifying compulsory parameters...
[info|general] Setting default variables if missing...
[info|general] Parsing expressions for variable parameters, also #1...
[info|general] Probing linked parameters for also 1...
[info|general] Creating iteration counter for also 1...
[info|general] Linking parameters...
[info|general] Determining which structures to run...
[info|general] Calculating padding zeroes...
[info|general] Initializing index file...
[info|general] Creating struct file and index line for structure #1
[info|general] Creating directory tree structure and moving .struct...
[info|general] Marking as done...
[info|general] Writing checkpoints...
[info|general] General section ended succesfully...


[info|init] Beginning of initialization section at lun oct  6 15:20:04 CEST 2008
[info|init] Verifying needed sections were run...
[info|init] Checking for exectuables...
[info|init] Setting default variables if missing...
[info|init] Determining which structures to run...
[info|init] Verifying section requirements structure-wise...
[info|init] --------------------------------------------------------------------
[info|init] Loading structure #1...
[info|init] Calculating muffin tin radius...
[info|init] Rmt values are set to: (Symbol | representative coords | rmt)
[info|init] Li 0.0 0.0 0.0 1.5
[info|init] Running nn program...
[info|init] Shell structure for all atoms
[info|init] Atom| Dist.(bohr)   # nn    Z|
[info|init]   1 | 5.744  8   3.0| 6.633  6   3.0| 9.380 12   3.0|11.000 24   3.0|
[info|init] Running sgroup...
[info|init] Bravais lattice: Cubic body centred
[info|init] Atom 1   Names of point group: m-3m   4/m -3 2/m   Oh
[info|init] Number and name of space group: 229 (I m -3 m)
[info|init] Running symmetry and creating new .struct...
[info|init]   the crystal system is cubic       
[info|init]   order of lattice point group (no base) =            48
[info|init]   order of lattice space group (with base) =          48
[info|init]   space group is symmorphic
[info|init]   space group contains inversion
[info|init] Re-reading global information from struct file...
[info|init] Creating .inst file...
[info|init] Running lstart...
[info|init] atom : Li
[info|init] core-valence energy :   -6.0000000000
[info|init] orbital description : 
[info|init] Label Occ.    Energy (Ry)     <R> (bohr)      Type
[info|init]    1S    1    -3.80199310   0.5818556300   valence
[info|init]    1S    1    -3.78533510   0.5814943800   valence
[info|init]    2S    1    -0.23672613   3.7787526000   valence
[info|init]    2S    0    -0.00342378   6.0617147000   valence
[info|init] spin charge partition : 
[info|init]        inside sphere outside sphere          total
[info|init] alpha   1.0125053055   0.9874946945   2.0000000000
[info|init]  beta   0.9777723545   0.0222276455   1.0000000000
[info|init] core leaking (Li) :    0.0000000000
[info|init] Editing input file .in1_st...
[info|init] Creating and editing input file .in2_st...
[info|init] Editing input file .inm_st...
[info|init] Renaming input files...
[info|init] Modifying orbitals in .in1 file...
[info|init] Modifying lm list in .in2 file...
[info|init] Re-reading general information...
[info|init] Re-reading initialization information...
[info|init] Reading and calculating initialization result variables...
[info|init] Marking as done...
[info|init] Writing checkpoints...
[info|init] Writing checkpoints...
[info|init] Initialization section ended successfully...


[info|prescf] Beginning of prescf section at lun oct  6 15:20:05 CEST 2008
[info|prescf] Verifying needed sections were run...
[info|prescf] Setting default variables if missing...
[info|prescf] Determining which structures to run...
[info|prescf] Verifying section requirements structure-wise...
[info|prescf] --------------------------------------------------------------------
[info|prescf] Loading structure #1...
[info|prescf] Running kgen...
[info|prescf] Running dstart...
[info|prescf] gmin = 10.00000, gmax = 20.00000
[info|prescf] kmax = (14,14,14)
[info|prescf] number of plane waves = 521
[info|prescf] Saving atomic densities...
[info|prescf] Recovering results from prescf files...
[info|prescf] Marking as done...
[info|prescf] Writing checkpoints...
[info|prescf] Writing checkpoints...
[info|prescf] Prescf section ended successfully...


[info|scf] Beginning of scf section at lun oct  6 15:20:12 CEST 2008
[info|scf] Verifying needed sections were run...
[info|scf] Checking for exectuables...
[info|scf] Setting default variables if missing...
[info|scf] Determining which structures to run...
[info|scf] Verifying section requirements structure-wise...
[info|scf] --------------------------------------------------------------------
[info|scf] Loading structure #1...
[info|scf] Running SCF calculation...
[info|scf] using commands :  -i 30 -ec 0.000001 -it 
[info|scf] Spinpolarized calculation
[info|scf] Number of cycles : 17
[info|scf] Cycle  Fermi energy    Total energy    Inter. q  sph. q 1 
[info|scf] 1      0.0262400000    -15.0282970000  0.982450  2.017557 
[info|scf] 2      0.0222600000    -15.0316760000  0.982670  2.017330 
[info|scf] 3      0.0312300000    -15.0341250000  0.982267  2.017733 
[info|scf] 4      0.0301800000    -15.0408460000  0.982310  2.017690 
[info|scf] 5      0.0301900000    -15.0407170000  0.982333  2.017667 
[info|scf] 6      0.0303500000    -15.0410040000  0.982369  2.017631 
[info|scf] 7      0.0304400000    -15.0406930000  0.982418  2.017582 
[info|scf] 8      0.0305100000    -15.0409590000  0.982474  2.017536 
[info|scf] 9      0.0305900000    -15.0420290000  0.982486  2.017514 
[info|scf] 10     0.0306800000    -15.0424220000  0.982494  2.017506 
[info|scf] 11     0.0304300000    -15.0436960000  0.982618  2.017382 
[info|scf] 12     0.0304100000    -15.0437050000  0.982603  2.017405 
[info|scf] 13     0.0303700000    -15.0436980000  0.982596  2.017404 
[info|scf] 14     0.0303400000    -15.0437300000  0.982595  2.017405 
[info|scf] 15     0.0303500000    -15.0437280000  0.982595  2.017405 
[info|scf] 16     0.0303400000    -15.0437290000  0.982595  2.017405 
[info|scf] 17     0.0303400000    -15.0437290000  0.982588  2.017406 
[info|scf] Last iteration band structure:
[info|scf] Band  Emin       Emax       
[info|scf] Semicore-valence energy sep. : 
[info|scf] --------end of scf--------                                  
[info|scf] Extracting information from .scf...
[info|scf] Validating scf output...
[info|scf] Marking as done...
[info|scf] Writing checkpoints...
[info|scf] Pretty-printing summary...
[info|scf] Writing checkpoints...
[info|scf] Scf section ended successfully...


[info|aim] Beginning of aim section at lun oct  6 15:31:21 CEST 2008
[info|aim] Verifying needed sections were run...
[info|global] Checking for WIEN2k exectuables...
[info|aim] Setting default variables if missing...
[info|aim] Determining which structures to run...
[info|aim] Verifying section requirements structure-wise...
[info|aim] ----------------------------------------------------------
[info|aim] Loading structure #1...
[info|aim] Creating input file...
[info|aim] Running aim...
[info|aim] Extracting critical points...
[info|aim] Marking as done...
[info|aim] Writing checkpoints...
[info|aim] Writing checkpoints...
[info|aim] Aim section ended successfully...


[info|syn] Beginning of synopsis section at lun oct  6 15:31:38 CEST 2008
[info|syn] Setting default variables if missing...
[info|syn] Probing for variable parameters in general section...
[info|syn] Probing for variable parameters in sweep section...
[info|syn] Calculating times...
[info|syn] Printing synopsis...
[info|syn] Writing checkpoints...
[info|syn] Synopsis section ended successfully...

