Welcome to runwien.awk, version : 1.0.10...

Copyright (c) 2007 Alberto Otero <alberto@carbono.quimica.uinovi.es> and 
 Víctor Luaña <victor@carbono.quimica.uniovi.es>. Universidad de Oviedo.
									     
runwien.awk is free software: you can redistribute it and/or modify   
it under the terms of the GNU General Public License as published by  
the Free Software Foundation, either version 3 of the License, or (at 
your option) any later version. 					     
									     
runwien.awk is distributed in the hope that it will be useful,	     
but WITHOUT ANY WARRANTY; without even the implied warranty of	     
MERCHANTABILITY or FITNESS FOR A PARTICULAR PURPOSE.  See the	     
GNU General Public License for more details.			     
									     
You should have received a copy of the GNU General Public License     
along with this program.  If not, see <http://www.gnu.org/licenses/>. 

[info|global] Checking for executables...
[info|global] Checking root consistency...
[info|global] Creating check directory...

[info|general] Runwien.awk lapw calculation using wien2k, version: 1.0.10
[info|general] date : mar oct  7 09:43:03 CEST 2008
[info|general] machine : neon.quimica.uniovi.es
[info|general] root : test023

[info|general] Beginning of general section at mar oct  7 09:43:03 CEST 2008
[info|general] Verifying compulsory parameters...
[info|general] Setting default variables if missing...
[info|general] Parsing expressions for variable parameters, also #1...
[info|general] Probing linked parameters for also 1...
[info|general] Creating iteration counter for also 1...
[info|general] Linking parameters...
[info|general] Determining which structures to run...
[info|general] Calculating padding zeroes...
[info|general] Initializing index file...
[info|general] Creating struct file and index line for structure #1
[info|general] Creating directory tree structure and moving .struct...
[info|general] Marking as done...
[info|general] Writing checkpoints...
[info|general] General section ended succesfully...


[info|init] Beginning of initialization section at mar oct  7 09:43:03 CEST 2008
[info|init] Verifying needed sections were run...
[info|init] Checking for exectuables...
[info|init] Setting default variables if missing...
[info|init] Determining which structures to run...
[info|init] Verifying section requirements structure-wise...
[info|init] --------------------------------------------------------------------
[info|init] Loading structure #1...
[info|init] Calculating muffin tin radius...
[info|init] Rmt values are set to: (Symbol | representative coords | rmt)
[info|init] Cr 1 0.0 0.0 0.0 1.85
[info|init] Cr 2 0.5 0.5 0.5 1.85
[info|init] Running nn program...
[info|init] Shell structure for all atoms
[info|init] Atom| Dist.(bohr)   # nn    Z|
[info|init]   1 | 4.955  8  24.0| 5.721  6  24.0| 8.091 12  24.0| 9.487 24  24.0|
[info|init]   2 | 4.955  8  24.0| 5.721  6  24.0| 8.091 12  24.0| 9.487 24  24.0|
[info|init] Running sgroup...
[info|init] warning: !!! Bravais lattice has changed.
[info|init] Bravais lattice: Cubic body centred
[info|init] Atom 1   Names of point group: m-3m   4/m -3 2/m   Oh
[info|init] Number and name of space group: 229 (I m -3 m)
[info|init] Running symmetry and creating new .struct...
[info|init]   the crystal system is cubic       
[info|init]   order of lattice point group (no base) =            48
[info|init]   order of lattice space group (with base) =          48
[info|init]   space group is symmorphic
[info|init]   space group contains inversion
[info|init] Re-reading global information from struct file...
[info|init] Creating .inst file...
[info|init] Running lstart...
[info|init] atom : Cr
[info|init] core-valence energy :   -6.0000000000
[info|init] orbital description : 
[info|init] Label Occ.    Energy (Ry)     <R> (bohr)      Type
[info|init]    1S    1  -432.14637000   0.0635509400      core
[info|init]    1S    1  -432.14471000   0.0635510260      core
[info|init]    2S    1   -49.01931800   0.2929733800      core
[info|init]    2S    1   -48.99580500   0.2928800400      core
[info|init]   2P*    1   -41.61793900   0.2579449200      core
[info|init]   2P*    1   -41.59992600   0.2578420600      core
[info|init]    2P    2   -40.98250800   0.2608074600      core
[info|init]    2P    2   -40.96406700   0.2607013800      core
[info|init]    3S    1    -5.45764170   0.9019687700   valence
[info|init]    3S    1    -5.39263670   0.9017692500   valence
[info|init]   3P*    1    -3.41013060   0.9603394500   valence
[info|init]   3P*    1    -3.34450070   0.9596258800   valence
[info|init]    3P    2    -3.33542290   0.9695074200   valence
[info|init]    3P    2    -3.26980600   0.9687348200   valence
[info|init]   3D*    2    -0.24272242   1.5136419000   valence
[info|init]   3D*    2    -0.17018295   1.5112816000   valence
[info|init]    3D    1    -0.23708809   1.5252052000   valence
[info|init]    3D    0    -0.16448491   1.5237252000   valence
[info|init]    4S    1    -0.32449369   3.3732336000   valence
[info|init]    4S    0    -0.24609017   3.4908130000   valence
[info|init] spin charge partition : 
[info|init]        inside sphere outside sphere          total
[info|init] alpha  11.1718593198   1.8281406804  13.0000000002
[info|init]  beta  10.3662758181   0.6337241821  11.0000000002
[info|init] core leaking (Cr) :    0.0000000000
[info|init] atom : Cr
[info|init] core-valence energy :   -6.0000000000
[info|init] orbital description : 
[info|init] Label Occ.    Energy (Ry)     <R> (bohr)      Type
[info|init]    1S    1  -432.14637000   0.0635509400      core
[info|init]    1S    1  -432.14471000   0.0635510260      core
[info|init]    2S    1   -49.01931800   0.2929733800      core
[info|init]    2S    1   -48.99580500   0.2928800400      core
[info|init]   2P*    1   -41.61793900   0.2579449200      core
[info|init]   2P*    1   -41.59992600   0.2578420600      core
[info|init]    2P    2   -40.98250800   0.2608074600      core
[info|init]    2P    2   -40.96406700   0.2607013800      core
[info|init]    3S    1    -5.45764170   0.9019687700   valence
[info|init]    3S    1    -5.39263670   0.9017692500   valence
[info|init]   3P*    1    -3.41013060   0.9603394500   valence
[info|init]   3P*    1    -3.34450070   0.9596258800   valence
[info|init]    3P    2    -3.33542290   0.9695074200   valence
[info|init]    3P    2    -3.26980600   0.9687348200   valence
[info|init]   3D*    2    -0.24272242   1.5136419000   valence
[info|init]   3D*    2    -0.17018295   1.5112816000   valence
[info|init]    3D    1    -0.23708809   1.5252052000   valence
[info|init]    3D    0    -0.16448491   1.5237252000   valence
[info|init]    4S    1    -0.32449369   3.3732336000   valence
[info|init]    4S    0    -0.24609017   3.4908130000   valence
[info|init] spin charge partition : 
[info|init]        inside sphere outside sphere          total
[info|init] alpha  11.1718593198   1.8281406804  13.0000000002
[info|init]  beta  10.3662758181   0.6337241821  11.0000000002
[info|init] core leaking (Cr) :    0.0000000000
[info|init] Editing input file .in1_st...
[info|init] Creating and editing input file .in2_st...
[info|init] Editing input file .inm_st...
[info|init] Renaming input files...
[info|init] Modifying orbitals in .in1 file...
[info|init] Modifying orbitals for atom 1 with:
[info|init] 1 5 0.2 0 0 0.563 0.000 cont 0 0 -4.392 0.002 stop 0 1 0.716 0.000 cont 0 1 -2.285 0.002 cont 0 2 0.535 0.000 cont 1
[info|init] Modifying orbitals for atom 2 with:
[info|init] 2 5 0.2 0 0 0.563 0.000 cont 0 0 -4.392 0.002 stop 0 1 0.716 0.000 cont 0 1 -2.285 0.002 cont 0 2 0.535 0.000 cont 1
[info|init] Modifying lm list in .in2 file...
[info|init] Re-reading general information...
[info|init] Re-reading initialization information...
[info|init] Reading and calculating initialization result variables...
[info|init] Marking as done...
[info|init] Writing checkpoints...
[info|init] Writing checkpoints...
[info|init] Initialization section ended successfully...


[info|prescf] Beginning of prescf section at mar oct  7 09:43:05 CEST 2008
[info|prescf] Verifying needed sections were run...
[info|prescf] Setting default variables if missing...
[info|prescf] Determining which structures to run...
[info|prescf] Verifying section requirements structure-wise...
[info|prescf] --------------------------------------------------------------------
[info|prescf] Loading structure #1...
[info|prescf] Running kgen...
[info|prescf] Running dstart...
[info|prescf] gmin = 8.64865, gmax = 15.00000
[info|prescf] kmax = (13,13,13)
[info|prescf] number of plane waves = 323
[info|prescf] Saving atomic densities...
[info|prescf] Recovering results from prescf files...
[info|prescf] Marking as done...
[info|prescf] Writing checkpoints...
[info|prescf] Writing checkpoints...
[info|prescf] Prescf section ended successfully...


[info|scf] Beginning of scf section at mar oct  7 09:43:25 CEST 2008
[info|scf] Verifying needed sections were run...
[info|scf] Checking for exectuables...
[info|scf] Setting default variables if missing...
[info|scf] Determining which structures to run...
[info|scf] Verifying section requirements structure-wise...
[info|scf] --------------------------------------------------------------------
[info|scf] Loading structure #1...
[info|scf] Running SCF calculation...
[info|scf] using commands :  -i 100 -ec 0.000100 -it 
[info|scf] Spinpolarized calculation
[info|scf] Number of cycles : 10
[info|scf] Cycle  Fermi energy    Total energy    Inter. q  sph. q 1 sph. q 2 
[info|scf] 1      0.9248500000    -4203.6460350000 6.405498  20.79725120.797251
[info|scf] 2      0.9125500000    -4203.6143990000 6.327964  20.83601820.836018
[info|scf] 3      0.7483500000    -4203.4732240000 5.186043  21.40697821.406978
[info|scf] 4      0.7631500000    -4203.4699260000 5.309447  21.34527621.345276
[info|scf] 5      0.7393500000    -4203.5151790000 5.163688  21.41815621.418155
[info|scf] 6      0.7617200000    -4203.5126970000 5.364365  21.31781621.317818
[info|scf] 7      0.7567100000    -4203.5119100000 5.320333  21.33985621.339810
[info|scf] 8      0.7587900000    -4203.5124810000 5.345536  21.32651521.327948
[info|scf] 9      0.7606900000    -4203.5124710000 5.360061  21.34022621.299713
[info|scf] 10     0.7606600000    -4203.5124800000 5.359676  21.30142021.338900
[info|scf] Last iteration band structure:
[info|scf] Band  Emin       Emax       
[info|scf] Semicore-valence energy sep. : 
[info|scf] --------end of scf--------                                  
[info|scf] Extracting information from .scf...
[info|scf] Validating scf output...
[info|scf] Marking as done...
[info|scf] Writing checkpoints...
[info|scf] Pretty-printing summary...
[info|scf] Writing checkpoints...
[info|scf] Scf section ended successfully...


[info|prho] Beginning of printrho section at mar oct  7 09:54:55 CEST 2008
[info|prho] Verifying needed sections were run...
[info|prho] Checking for exectuables...
[info|prho] Setting default variables if missing...
[info|prho] Determining which structures to run...
[info|prho] Verifying section requirements structure-wise...
[info|prho] ----------------------------------------------------------
[info|prho] Loading structure #1...
[info|prho] Creating .in5 file...
[info|prho] Creating lapw5.def...
[info|prho] Calculating rho map...
[info|prho] Reformatting rho...
[info|prho] Plotting rho to file...
[info|prho] Marking as done...
[info|prho] Writing checkpoints...
[info|prho] Writing checkpoints...
[info|prho] Printrho section ended successfully...


[info|dos] Beginning of dosplot section at mar oct  7 09:54:59 CEST 2008
[info|dos] Verifying needed sections were run
[info|dos] Checking for exectuables...
[info|dos] Setting default variables if missing...
[info|dos] Determining which structures to run...
[info|dos] Verifying section requirements structure-wise...
[info|dos] ----------------------------------------------------------
[info|dos] Loading structure #1...
[info|dos] Setting default variables for this structure...
[info|dos] Expanding eigenvalue window (lapw1)...
[info|dos] Calculating partial charges (lapw2 -qtl)...
[info|dos] Creating .int input file...
[info|dos] Running tetra...
[info|dos] Making dos plots...
[info|dos] Making joint dos plots...
[info|dos] Restoring original .in1...
[info|dos] Marking as done...
[info|dos] Writing checkpoints...
[info|dos] Writing checkpoints...
[info|dos] Dosplot section ended successfully...


[info|band] Beginning of bandplot section at mar oct  7 09:56:10 CEST 2008
[info|band] Verifying needed sections were run
[info|band] Setting default variables if missing...
[info|band] Determining which structures to run...
[info|band] Verifying section requirements structure-wise...
[info|band] ----------------------------------------------------------
[info|band] Loading structure #1...
[info|band] Copying .klist file to .klist_band ...
[info|band] Calculating eigenvalues...
[info|band] Copying template .insp from wien src directory...
[info|band] Setting correct fermi level in .insp...
[info|band] Running spaghetti...
[info|band] Renaming spaghetti output...
[info|band] Marking as done...
[info|band] Writing checkpoints...
[info|band] Writing checkpoints...
[info|band] Bandplot section ended successfully...


[info|kdos] Beginning of kdos section at mar oct  7 09:56:29 CEST 2008
[info|kdos] Verifying needed sections were run
[info|kdos] Setting default variables if missing...
[info|kdos] Determining which structures to run...
[info|kdos] Verifying section requirements structure-wise...
[info|kdos] ----------------------------------------------------------
[info|kdos] Loading structure #1...
[info|kdos] Marking as done...
[info|kdos] Writing checkpoints...
[info|kdos] Writing checkpoints...
[info|kdos] Kdos section ended successfully...


[info|rx] Beginning of rxplot section at mar oct  7 09:56:30 CEST 2008
[info|rx] Verifying needed sections were run...
[info|rx] Setting default variables if missing...
[info|rx] Determining which structures to run...
[info|rx] Verifying section requirements structure-wise...
[info|rx] ----------------------------------------------------------
[info|rx] Loading structure #1...
[info|rx] Expanding eigenvalue window (lapw1)...
[info|rx] Calculating partial charges (lapw2 -qtl)...
[info|rx] Creating .inxs input file...
[info|rx] Running xspec...
[info|rx] Printing spectra...
[info|rx] Restoring original .in1...
[info|rx] Marking as done...
[info|rx] Writing checkpoints...
[info|rx] Writing checkpoints...
[info|rx] Rxplot section ended successfully...


[info|critic] Beginning of critic section at mar oct  7 09:59:17 CEST 2008
[info|critic] Verifying needed sections were run...
[info|critic] Checking for exectuables...
[info|critic] Setting default variables if missing...
[info|critic] Determining which structures to run...
[info|critic] Verifying section requirements structure-wise...
[info|critic] ----------------------------------------------------------
[info|critic] Loading structure #1...
[info|critic] Creating .incritic input file...
[info|critic] Running critic...
[info|critic] Marking as done...
[info|critic] Writing checkpoints...
[info|critic] Pretty-printing summary...
[info|critic] Writing checkpoints...
[info|critic] Critic section ended successfully...


[info|syn] Beginning of synopsis section at mar oct  7 09:59:39 CEST 2008
[info|syn] Setting default variables if missing...
[info|syn] Probing for variable parameters in general section...
[info|syn] Probing for variable parameters in sweep section...
[info|syn] Calculating times...
[info|syn] Printing synopsis...
[info|syn] Writing checkpoints...
[info|syn] Synopsis section ended successfully...

