Welcome to runwien.awk, version : 1.0.10...

Copyright (c) 2007 Alberto Otero <alberto@carbono.quimica.uinovi.es> and 
 Víctor Luaña <victor@carbono.quimica.uniovi.es>. Universidad de Oviedo.
									     
runwien.awk is free software: you can redistribute it and/or modify   
it under the terms of the GNU General Public License as published by  
the Free Software Foundation, either version 3 of the License, or (at 
your option) any later version. 					     
									     
runwien.awk is distributed in the hope that it will be useful,	     
but WITHOUT ANY WARRANTY; without even the implied warranty of	     
MERCHANTABILITY or FITNESS FOR A PARTICULAR PURPOSE.  See the	     
GNU General Public License for more details.			     
									     
You should have received a copy of the GNU General Public License     
along with this program.  If not, see <http://www.gnu.org/licenses/>. 

[info|global] Checking for executables...
[info|global] Checking root consistency...
[info|global] Creating check directory...

[info|general] Runwien.awk lapw calculation using wien2k, version: 1.0.10
[info|general] date : lun oct  6 15:08:27 CEST 2008
[info|general] machine : neon.quimica.uniovi.es
[info|general] root : test011

[info|general] Beginning of general section at lun oct  6 15:08:27 CEST 2008
[info|general] Verifying compulsory parameters...
[info|general] Extracting info from .cif file...
[info|general] Checking for cif2struct...
[info|general] Setting default variables if missing...
[info|general] Parsing expressions for variable parameters, also #1...
[info|general] Probing linked parameters for also 1...
[info|general] Creating iteration counter for also 1...
[info|general] Linking parameters...
[info|general] Determining which structures to run...
[info|general] Calculating padding zeroes...
[info|general] Initializing index file...
[info|general] Creating struct file and index line for structure #1
[info|general] Creating directory tree structure and moving .struct...
[info|general] Marking as done...
[info|general] Writing checkpoints...
[info|general] General section ended succesfully...


[info|init] Beginning of initialization section at lun oct  6 15:08:27 CEST 2008
[info|init] Verifying needed sections were run...
[info|init] Checking for exectuables...
[info|init] Setting default variables if missing...
[info|init] Determining which structures to run...
[info|init] Verifying section requirements structure-wise...
[info|init] --------------------------------------------------------------------
[info|init] Loading structure #1...
[info|init] Calculating muffin tin radius...
[info|init] Rmt values are set to: (Symbol | representative coords | rmt)
[info|init] Mg 0.00000000 0.00000000 0.00000000 1.98
[info|init] O 0.50000000 0.50000000 0.50000000 1.98
[info|init] Running nn program...
[info|init] Shell structure for all atoms
[info|init] Atom| Dist.(bohr)   # nn    Z|
[info|init]   1 | 3.979  6   8.0| 5.627 12  12.0| 6.892  8   8.0| 7.958  6  12.0|
[info|init]   2 | 3.979  6  12.0| 5.627 12   8.0| 6.892  8  12.0| 7.958  6   8.0|
[info|init] Running sgroup...
[info|init] Bravais lattice: Cubic all faces centred
[info|init] Atom 1   Names of point group: m-3m   4/m -3 2/m   Oh
[info|init] Atom 2   Names of point group: m-3m   4/m -3 2/m   Oh
[info|init] Number and name of space group: 225 (F m -3 m)
[info|init] Running symmetry and creating new .struct...
[info|init]   the crystal system is cubic       
[info|init]   order of lattice point group (no base) =            48
[info|init]   order of lattice space group (with base) =          48
[info|init]   space group is symmorphic
[info|init]   space group contains inversion
[info|init] Re-reading global information from struct file...
[info|init] Creating .inst file...
[info|init] Running lstart...
[info|init] atom : Mg
[info|init] core-valence energy :   -6.0000000000
[info|init] orbital description : 
[info|init] Label Occ.    Energy (Ry)     <R> (bohr)      Type
[info|init]    1S    1   -92.57743300   0.1306166900      core
[info|init]    1S    1   -92.57743300   0.1306166900      core
[info|init]    2S    1    -5.86814540   0.6971254800   valence
[info|init]    2S    1    -5.86814540   0.6971254800   valence
[info|init]   2P*    1    -3.43978410   0.6878734500   valence
[info|init]   2P*    1    -3.43978410   0.6878734500   valence
[info|init]    2P    2    -3.41859070   0.6901964700   valence
[info|init]    2P    2    -3.41859070   0.6901964700   valence
[info|init]    3S    1    -0.34583945   3.1504236000   valence
[info|init]    3S    1    -0.34583945   3.1504236000   valence
[info|init] spin charge partition : 
[info|init]        inside sphere outside sphere          total
[info|init] alpha   5.1429650587   0.8570349413   6.0000000000
[info|init]  beta   5.1429650587   0.8570349413   6.0000000000
[info|init] core leaking (Mg) :    0.0000000000
[info|init] atom : O
[info|init] core-valence energy :   -6.0000000000
[info|init] orbital description : 
[info|init] Label Occ.    Energy (Ry)     <R> (bohr)      Type
[info|init]    1S    1   -37.83575500   0.1997206200      core
[info|init]    1S    1   -37.74536600   0.1993062900      core
[info|init]    2S    1    -1.85284680   1.1285282000   valence
[info|init]    2S    1    -1.61422590   1.1587288000   valence
[info|init]   2P*    1    -0.75277643   1.2295296000   valence
[info|init]   2P*    1    -0.52946029   1.3331326000   valence
[info|init]    2P    2    -0.74999912   1.2315542000   valence
[info|init]    2P    0    -0.52694675   1.3357986000   valence
[info|init] spin charge partition : 
[info|init]        inside sphere outside sphere          total
[info|init] alpha   4.5389715085   0.4610284915   5.0000000000
[info|init]  beta   2.7489852278   0.2510147722   3.0000000000
[info|init] core leaking (O) :    0.0000000000
[info|init] Editing input file .in1_st...
[info|init] Creating and editing input file .in2_st...
[info|init] Editing input file .inm_st...
[info|init] Renaming input files...
[info|init] Modifying orbitals in .in1 file...
[info|init] Modifying lm list in .in2 file...
[info|init] Re-reading general information...
[info|init] Re-reading initialization information...
[info|init] Reading and calculating initialization result variables...
[info|init] Marking as done...
[info|init] Writing checkpoints...
[info|init] Writing checkpoints...
[info|init] Initialization section ended successfully...


[info|prescf] Beginning of prescf section at lun oct  6 15:08:28 CEST 2008
[info|prescf] Verifying needed sections were run...
[info|prescf] Setting default variables if missing...
[info|prescf] Determining which structures to run...
[info|prescf] Verifying section requirements structure-wise...
[info|prescf] --------------------------------------------------------------------
[info|prescf] Loading structure #1...
[info|prescf] Running kgen...
[info|prescf] Running dstart...
[info|prescf] gmin = 8.08081, gmax = 12.00000
[info|prescf] kmax = (8,8,8)
[info|prescf] number of plane waves = 128
[info|prescf] Saving atomic densities...
[info|prescf] Recovering results from prescf files...
[info|prescf] Marking as done...
[info|prescf] Writing checkpoints...
[info|prescf] Writing checkpoints...
[info|prescf] Prescf section ended successfully...


[info|scf] Beginning of scf section at lun oct  6 15:08:33 CEST 2008
[info|scf] Verifying needed sections were run...
[info|scf] Checking for exectuables...
[info|scf] Setting default variables if missing...
[info|scf] Determining which structures to run...
[info|scf] Verifying section requirements structure-wise...
[info|scf] --------------------------------------------------------------------
[info|scf] Loading structure #1...
[info|scf] Running SCF calculation...
[info|scf] using commands :  -i 30 -ec 0.000010
[info|scf] Non-spinpolarized calculation
[info|scf] Number of cycles : 11
[info|scf] Cycle  Fermi energy    Total energy    Inter. q  sph. q 1 sph. q 2 
[info|scf] 1      0.0747100000    -551.5321530000 1.102767  10.2690398.628189 
[info|scf] 2      0.0882500000    -551.5189470000 1.119781  10.2756288.604586 
[info|scf] 3      0.2607100000    -551.4342420000 1.355535  10.3695788.274883 
[info|scf] 4      0.2577700000    -551.4340550000 1.350157  10.3675648.282274 
[info|scf] 5      0.2801100000    -551.4310520000 1.357250  10.3750848.267661 
[info|scf] 6      0.2804200000    -551.4310530000 1.357948  10.3752948.266753 
[info|scf] 7      0.2811700000    -551.4307230000 1.358041  10.3751398.266816 
[info|scf] 8      0.2814600000    -551.4306960000 1.358362  10.3752728.266360 
[info|scf] 9      0.2814800000    -551.4306460000 1.358501  10.3753988.266096 
[info|scf] 10     0.2814400000    -551.4306450000 1.358440  10.3753768.266179 
[info|scf] 11     0.2814600000    -551.4306430000 1.358464  10.3753738.266159 
[info|scf] Last iteration band structure:
[info|scf] Band  Emin       Emax       
[info|scf] Semicore-valence energy sep. : 
[info|scf] --------end of scf--------                                  
[info|scf] Extracting information from .scf...
[info|scf] Validating scf output...
[info|scf] Marking as done...
[info|scf] Writing checkpoints...
[info|scf] Pretty-printing summary...
[info|scf] Writing checkpoints...
[info|scf] Scf section ended successfully...


[info|band] Beginning of bandplot section at lun oct  6 15:11:39 CEST 2008
[info|band] Verifying needed sections were run
[info|band] Setting default variables if missing...
[info|band] Determining which structures to run...
[info|band] Verifying section requirements structure-wise...
[info|band] ----------------------------------------------------------
[info|band] Loading structure #1...
[info|band] Copying .klist file to .klist_band ...
[info|band] Calculating eigenvalues...
[info|band] Copying template .insp from wien src directory...
[info|band] Setting correct fermi level in .insp...
[info|band] Running spaghetti...
[info|band] Renaming spaghetti output...
[info|band] Marking as done...
[info|band] Writing checkpoints...
[info|band] Writing checkpoints...
[info|band] Bandplot section ended successfully...


[info|syn] Beginning of synopsis section at lun oct  6 15:11:45 CEST 2008
[info|syn] Setting default variables if missing...
[info|syn] Probing for variable parameters in general section...
[info|syn] Probing for variable parameters in sweep section...
[info|syn] Calculating times...
[info|syn] Printing synopsis...
[info|syn] Writing checkpoints...
[info|syn] Synopsis section ended successfully...

