Welcome to runwien.awk, version : 1.0.10...

Copyright (c) 2007 Alberto Otero <alberto@carbono.quimica.uinovi.es> and 
 Víctor Luaña <victor@carbono.quimica.uniovi.es>. Universidad de Oviedo.
									     
runwien.awk is free software: you can redistribute it and/or modify   
it under the terms of the GNU General Public License as published by  
the Free Software Foundation, either version 3 of the License, or (at 
your option) any later version. 					     
									     
runwien.awk is distributed in the hope that it will be useful,	     
but WITHOUT ANY WARRANTY; without even the implied warranty of	     
MERCHANTABILITY or FITNESS FOR A PARTICULAR PURPOSE.  See the	     
GNU General Public License for more details.			     
									     
You should have received a copy of the GNU General Public License     
along with this program.  If not, see <http://www.gnu.org/licenses/>. 

[info|global] Checking for executables...
[info|global] Checking root consistency...
[info|global] Creating check directory...

[info|general] Runwien.awk lapw calculation using wien2k, version: 1.0.10
[info|general] date : lun oct  6 14:45:58 CEST 2008
[info|general] machine : neon.quimica.uniovi.es
[info|general] root : test009

[info|general] Beginning of general section at lun oct  6 14:45:58 CEST 2008
[info|general] Verifying compulsory parameters...
[info|general] Setting default variables if missing...
[info|general] Parsing expressions for variable parameters, also #1...
[info|general] Probing linked parameters for also 1...
[info|general] Creating iteration counter for also 1...
[info|general] Linking parameters...
[info|general] Determining which structures to run...
[info|general] Calculating padding zeroes...
[info|general] Initializing index file...
[info|general] Creating struct file and index line for structure #1
[info|general] Creating directory tree structure and moving .struct...
[info|general] Marking as done...
[info|general] Writing checkpoints...
[info|general] General section ended succesfully...


[info|init] Beginning of initialization section at lun oct  6 14:45:58 CEST 2008
[info|init] Verifying needed sections were run...
[info|init] Checking for exectuables...
[info|init] Setting default variables if missing...
[info|init] Determining which structures to run...
[info|init] Verifying section requirements structure-wise...
[info|init] --------------------------------------------------------------------
[info|init] Loading structure #1...
[info|init] Calculating muffin tin radius...
[info|init] Rmt values are set to: (Symbol | representative coords | rmt)
[info|init] Cr 0.66666667 0.33333333 0.75000000 2.2
[info|init] Running nn program...
[info|init] Shell structure for all atoms
[info|init] Atom| Dist.(bohr)   # nn    Z|
[info|init]   1 | 4.855 12  24.0| 6.866  6  24.0| 7.929  2  24.0| 8.409 18  24.0|
[info|init]   2 | 4.855 12  24.0| 6.866  6  24.0| 7.929  2  24.0| 8.409 18  24.0|
[info|init] Running sgroup...
[info|init] Bravais lattice: Hexagonal
[info|init] Atom 1   Names of point group: -6m2  -6m2    D3h
[info|init] Number and name of space group: 194 (P 63/m m c)
[info|init] Running symmetry and creating new .struct...
[info|init]   the crystal system is hexagonal   
[info|init]   order of lattice point group (no base) =            24
[info|init]   order of lattice space group (with base) =          24
[info|init]   non-symmorphic space group or non-standard origin of coordinates
[info|init]   space group contains inversion
[info|init] Re-reading global information from struct file...
[info|init] Creating .inst file...
[info|init] Running lstart...
[info|init] atom : Cr
[info|init] core-valence energy :   -6.0000000000
[info|init] orbital description : 
[info|init] Label Occ.    Energy (Ry)     <R> (bohr)      Type
[info|init]    1S    1  -432.14637000   0.0635509400      core
[info|init]    1S    1  -432.14471000   0.0635510260      core
[info|init]    2S    1   -49.01931700   0.2929733800      core
[info|init]    2S    1   -48.99580400   0.2928800400      core
[info|init]   2P*    1   -41.61793800   0.2579449200      core
[info|init]   2P*    1   -41.59992500   0.2578420600      core
[info|init]    2P    2   -40.98250700   0.2608074600      core
[info|init]    2P    2   -40.96406700   0.2607013800      core
[info|init]    3S    1    -5.45764100   0.9019687800   valence
[info|init]    3S    1    -5.39263620   0.9017692600   valence
[info|init]   3P*    1    -3.41012990   0.9603394700   valence
[info|init]   3P*    1    -3.34450020   0.9596258900   valence
[info|init]    3P    2    -3.33542220   0.9695074300   valence
[info|init]    3P    2    -3.26980550   0.9687348300   valence
[info|init]   3D*    2    -0.24272179   1.5136400000   valence
[info|init]   3D*    2    -0.17018246   1.5112728000   valence
[info|init]    3D    1    -0.23708751   1.5252121000   valence
[info|init]    3D    0    -0.16448459   1.5237476000   valence
[info|init]    4S    1    -0.32449347   3.3732387000   valence
[info|init]    4S    0    -0.24609006   3.4908221000   valence
[info|init] spin charge partition : 
[info|init]        inside sphere outside sphere          total
[info|init] alpha  11.5795918500   1.4204081502  13.0000000002
[info|init]  beta  10.6017341976   0.3982658025  11.0000000002
[info|init] core leaking (Cr) :    0.0000000000
[info|init] Editing input file .in1_st...
[info|init] Creating and editing input file .in2_st...
[info|init] Editing input file .inm_st...
[info|init] Renaming input files...
[info|init] Modifying orbitals in .in1 file...
[info|init] Modifying orbitals for atom 1 with:
[info|init] 1 5 .53760 0 0 0.535 0.000 cont 1 0 -4.404 0.002 cont 1 1 0.677 0.000 cont 1 1 -2.298 0.000 cont 1 2 0.718 0.000 cont 1
[info|init] Modifying lm list in .in2 file...
[info|init] Re-reading general information...
[info|init] Re-reading initialization information...
[info|init] Reading and calculating initialization result variables...
[info|init] Marking as done...
[info|init] Writing checkpoints...
[info|init] Writing checkpoints...
[info|init] Initialization section ended successfully...


[info|prescf] Beginning of prescf section at lun oct  6 14:45:59 CEST 2008
[info|prescf] Verifying needed sections were run...
[info|prescf] Setting default variables if missing...
[info|prescf] Determining which structures to run...
[info|prescf] Verifying section requirements structure-wise...
[info|prescf] --------------------------------------------------------------------
[info|prescf] Loading structure #1...
[info|prescf] Running kgen...
[info|prescf] Running dstart...
[info|prescf] gmin = 6.81818, gmax = 12.00000
[info|prescf] kmax = (10,10,16)
[info|prescf] number of plane waves = 293
[info|prescf] Saving atomic densities...
[info|prescf] Recovering results from prescf files...
[info|prescf] Marking as done...
[info|prescf] Writing checkpoints...
[info|prescf] Writing checkpoints...
[info|prescf] Prescf section ended successfully...


[info|scf] Beginning of scf section at lun oct  6 14:46:11 CEST 2008
[info|scf] Verifying needed sections were run...
[info|scf] Checking for exectuables...
[info|scf] Setting default variables if missing...
[info|scf] Determining which structures to run...
[info|scf] Verifying section requirements structure-wise...
[info|scf] --------------------------------------------------------------------
[info|scf] Loading structure #1...
[info|scf] Running SCF calculation...
[info|scf] using commands :  -i 100 -ec 0.000010 -it  -in1new 3 
[info|scf] Spinpolarized calculation
[info|scf] Number of cycles : 18
[info|scf] Cycle  Fermi energy    Total energy    Inter. q  sph. q 1 
[info|scf] 1      0.9347500000    -4203.6158290000 3.745037  22.127473
[info|scf] 2      0.9245400000    -4203.5909040000 3.702491  22.148745
[info|scf] 3      0.7780900000    -4203.3008850000 3.097493  22.451245
[info|scf] 4      0.7699200000    -4203.3439590000 3.122634  22.438675
[info|scf] 5      0.7399100000    -4203.4703260000 3.012460  22.493761
[info|scf] 6      0.7457400000    -4203.4756220000 3.112130  22.443926
[info|scf] 7      0.7097900000    -4203.4889940000 3.020628  22.489676
[info|scf] 8      0.7143200000    -4203.4875220000 3.055567  22.472207
[info|scf] 9      0.7193000000    -4203.4973630000 2.989490  22.505245
[info|scf] 10     0.7350300000    -4203.4940310000 3.020072  22.489954
[info|scf] 11     0.7323100000    -4203.4938160000 3.017318  22.491331
[info|scf] 12     0.7414700000    -4203.4879270000 3.105624  22.447179
[info|scf] 13     0.7433100000    -4203.4885010000 3.091145  22.454418
[info|scf] 14     0.7515000000    -4203.4871870000 3.144247  22.427866
[info|scf] 15     0.7510600000    -4203.4873330000 3.147680  22.426150
[info|scf] 16     0.7506700000    -4203.4874200000 3.149214  22.425383
[info|scf] 17     0.7506900000    -4203.4874240000 3.146072  22.426955
[info|scf] 18     0.7508800000    -4203.4874220000 3.146459  22.426759
[info|scf] Last iteration band structure:
[info|scf] Band  Emin       Emax       
[info|scf] Semicore-valence energy sep. : 
[info|scf] --------end of scf--------                                  
[info|scf] Extracting information from .scf...
[info|scf] Validating scf output...
[info|scf] Marking as done...
[info|scf] Writing checkpoints...
[info|scf] Pretty-printing summary...
[info|scf] Writing checkpoints...
[info|scf] Scf section ended successfully...


[info|dos] Beginning of dosplot section at lun oct  6 15:05:26 CEST 2008
[info|dos] Verifying needed sections were run
[info|dos] Checking for exectuables...
[info|dos] Setting default variables if missing...
[info|dos] Determining which structures to run...
[info|dos] Verifying section requirements structure-wise...
[info|dos] ----------------------------------------------------------
[info|dos] Loading structure #1...
[info|dos] Setting default variables for this structure...
[info|dos] Expanding eigenvalue window (lapw1)...
[info|dos] Calculating partial charges (lapw2 -qtl)...
[info|dos] Creating .int input file...
[info|dos] Running tetra...
[info|dos] Making dos plots...
[info|dos] Making joint dos plots...
[info|dos] Restoring original .in1...
[info|dos] Marking as done...
[info|dos] Writing checkpoints...
[info|dos] Writing checkpoints...
[info|dos] Dosplot section ended successfully...


[info|syn] Beginning of synopsis section at lun oct  6 15:06:31 CEST 2008
[info|syn] Setting default variables if missing...
[info|syn] Probing for variable parameters in general section...
[info|syn] Probing for variable parameters in sweep section...
[info|syn] Calculating times...
[info|syn] Printing synopsis...
[info|syn] Writing checkpoints...
[info|syn] Synopsis section ended successfully...

