Welcome to runwien.awk, version : 1.0.10...

Copyright (c) 2007 Alberto Otero <alberto@carbono.quimica.uinovi.es> and 
 Víctor Luaña <victor@carbono.quimica.uniovi.es>. Universidad de Oviedo.
									     
runwien.awk is free software: you can redistribute it and/or modify   
it under the terms of the GNU General Public License as published by  
the Free Software Foundation, either version 3 of the License, or (at 
your option) any later version. 					     
									     
runwien.awk is distributed in the hope that it will be useful,	     
but WITHOUT ANY WARRANTY; without even the implied warranty of	     
MERCHANTABILITY or FITNESS FOR A PARTICULAR PURPOSE.  See the	     
GNU General Public License for more details.			     
									     
You should have received a copy of the GNU General Public License     
along with this program.  If not, see <http://www.gnu.org/licenses/>. 

[info|global] Checking for executables...
[info|global] Checking root consistency...
[info|global] Creating check directory...

[info|general] Runwien.awk lapw calculation using wien2k, version: 1.0.10
[info|general] date : lun oct  6 20:14:40 CEST 2008
[info|general] machine : neon.quimica.uniovi.es
[info|general] root : test022

[info|general] Beginning of general section at lun oct  6 20:14:40 CEST 2008
[info|general] Verifying compulsory parameters...
[info|general] Extracting info from .cif file...
[info|general] Checking for cif2struct...
[info|general] Setting default variables if missing...
[info|general] Parsing expressions for variable parameters, also #1...
[info|general] Probing linked parameters for also 1...
[info|general] Creating iteration counter for also 1...
[info|general] Linking parameters...
[info|general] Determining which structures to run...
[info|general] Calculating padding zeroes...
[info|general] Initializing index file...
[info|general] Creating struct file and index line for structure #1
[info|general] Creating directory tree structure and moving .struct...
[info|general] Marking as done...
[info|general] Writing checkpoints...
[info|general] General section ended succesfully...


[info|init] Beginning of initialization section at lun oct  6 20:14:41 CEST 2008
[info|init] Verifying needed sections were run...
[info|init] Checking for exectuables...
[info|init] Setting default variables if missing...
[info|init] Determining which structures to run...
[info|init] Verifying section requirements structure-wise...
[info|init] --------------------------------------------------------------------
[info|init] Loading structure #1...
[info|init] Calculating muffin tin radius...
[info|init] Rmt values are set to: (Symbol | representative coords | rmt)
[info|init] Zn 0.33333333 0.66666667 0.00000000 1.79
[info|init] O 0.33333333 0.66666667 0.34500000 1.59
[info|init] Running nn program...
[info|init] Shell structure for all atoms
[info|init] Atom| Dist.(bohr)   # nn    Z|
[info|init]   1 | 3.395  1   8.0| 3.859  3   8.0| 6.064  6  30.0| 6.141  6  30.0|
[info|init]   2 | 3.395  1   8.0| 3.859  3   8.0| 6.064  6  30.0| 6.141  6  30.0|
[info|init]   3 | 3.395  1  30.0| 3.859  3  30.0| 6.064  6   8.0| 6.141  6   8.0|
[info|init]   4 | 3.395  1  30.0| 3.859  3  30.0| 6.064  6   8.0| 6.141  6   8.0|
[info|init] Running sgroup...
[info|init] Bravais lattice: Hexagonal
[info|init] Atom 1   Names of point group: 3m1    3m1    C3v
[info|init] Atom 2   Names of point group: 3m1    3m1    C3v
[info|init] Number and name of space group: 186 (P 63 m c)
[info|init] Running symmetry and creating new .struct...
[info|init]   the crystal system is hexagonal   
[info|init]   order of lattice point group (no base) =            24
[info|init]   order of lattice space group (with base) =          12
[info|init]   non-symmorphic space group or non-standard origin of coordinates
[info|init]   space group does not contain inversion
[info|init] Re-reading global information from struct file...
[info|init] Creating .inst file...
[info|init] Running lstart...
[info|init] atom : Zn
[info|init] core-valence energy :  -10.0000000000
[info|init] orbital description : 
[info|init] Label Occ.    Energy (Ry)     <R> (bohr)      Type
[info|init]    1S    1  -699.94030000   0.0503054240      core
[info|init]    1S    1  -699.94030000   0.0503054240      core
[info|init]    2S    1   -85.10476300   0.2259549100      core
[info|init]    2S    1   -85.10476300   0.2259549100      core
[info|init]   2P*    1   -74.94468500   0.1959113100      core
[info|init]   2P*    1   -74.94468500   0.1959113100      core
[info|init]    2P    2   -73.19008600   0.1993235100      core
[info|init]    2P    2   -73.19008600   0.1993235100      core
[info|init]    3S    1    -9.49563910   0.6808641800   valence
[info|init]    3S    1    -9.49563910   0.6808641800   valence
[info|init]   3P*    1    -6.27989930   0.7059701400   valence
[info|init]   3P*    1    -6.27989930   0.7059701400   valence
[info|init]    3P    2    -6.05466340   0.7168081200   valence
[info|init]    3P    2    -6.05466340   0.7168081200   valence
[info|init]   3D*    2    -0.76102986   0.9064211600   valence
[info|init]   3D*    2    -0.76102986   0.9064211600   valence
[info|init]    3D    3    -0.73482667   0.9151117400   valence
[info|init]    3D    3    -0.73482667   0.9151117400   valence
[info|init]    4S    1    -0.43940946   2.6546832000   valence
[info|init]    4S    1    -0.43940946   2.6546832000   valence
[info|init] spin charge partition : 
[info|init]        inside sphere outside sphere          total
[info|init] alpha  13.8405774026   1.1594225980  15.0000000006
[info|init]  beta  13.8405774026   1.1594225980  15.0000000006
[info|init] core leaking (Zn) :    0.0000000000
[info|init] atom : O
[info|init] core-valence energy :  -10.0000000000
[info|init] orbital description : 
[info|init] Label Occ.    Energy (Ry)     <R> (bohr)      Type
[info|init]    1S    1   -37.83575600   0.1997206200      core
[info|init]    1S    1   -37.74536600   0.1993062900      core
[info|init]    2S    1    -1.85284660   1.1285282000   valence
[info|init]    2S    1    -1.61422610   1.1587287000   valence
[info|init]   2P*    1    -0.75277630   1.2295297000   valence
[info|init]   2P*    1    -0.52946038   1.3331324000   valence
[info|init]    2P    2    -0.74999900   1.2315543000   valence
[info|init]    2P    0    -0.52694683   1.3357984000   valence
[info|init] spin charge partition : 
[info|init]        inside sphere outside sphere          total
[info|init] alpha   4.1099716168   0.8900283832   5.0000000000
[info|init]  beta   2.5271359483   0.4728640517   3.0000000000
[info|init] core leaking (O) :    0.0000000000
[info|init] Editing input file .in1_st...
[info|init] Creating and editing input file .in2_st...
[info|init] Editing input file .inm_st...
[info|init] Renaming input files...
[info|init] Modifying orbitals in .in1 file...
[info|init] Modifying lm list in .in2 file...
[info|init] Re-reading general information...
[info|init] Re-reading initialization information...
[info|init] Reading and calculating initialization result variables...
[info|init] Marking as done...
[info|init] Writing checkpoints...
[info|init] Writing checkpoints...
[info|init] Initialization section ended successfully...


[info|prescf] Beginning of prescf section at lun oct  6 20:14:42 CEST 2008
[info|prescf] Verifying needed sections were run...
[info|prescf] Setting default variables if missing...
[info|prescf] Determining which structures to run...
[info|prescf] Verifying section requirements structure-wise...
[info|prescf] --------------------------------------------------------------------
[info|prescf] Loading structure #1...
[info|prescf] Running kgen...
[info|prescf] Running dstart...
[info|prescf] gmin = 10.06289, gmax = 12.00000
[info|prescf] kmax = (12,12,19)
[info|prescf] number of plane waves = 1034
[info|prescf] Saving atomic densities...
[info|prescf] Recovering results from prescf files...
[info|prescf] Marking as done...
[info|prescf] Writing checkpoints...
[info|prescf] Writing checkpoints...
[info|prescf] Prescf section ended successfully...


[info|scf] Beginning of scf section at lun oct  6 20:14:52 CEST 2008
[info|scf] Verifying needed sections were run...
[info|scf] Checking for exectuables...
[info|scf] Setting default variables if missing...
[info|scf] Determining which structures to run...
[info|scf] Verifying section requirements structure-wise...
[info|scf] --------------------------------------------------------------------
[info|scf] Loading structure #1...
[info|scf] Running SCF calculation...
[info|scf] using commands :  -i 30 -ec 0.000100 -it 
[info|scf] Spinpolarized calculation
[info|scf] Number of cycles : 11
[info|scf] Cycle  Fermi energy    Total energy    Inter. q  sph. q 1 sph. q 2 
[info|scf] 1      0.2941500000    -7485.5923960000 5.686624  27.5469837.609702 
[info|scf] 2      0.2982300000    -7485.5732900000 5.731380  27.5585637.575743 
[info|scf] 3      0.4130700000    -7485.5736410000 6.615142  27.7638696.928558 
[info|scf] 4      0.4034500000    -7485.5645860000 6.567700  27.7501036.966043 
[info|scf] 5      0.3478100000    -7485.5861760000 6.448700  27.6724757.103171 
[info|scf] 6      0.3391100000    -7485.5842860000 6.405418  27.6746787.122610 
[info|scf] 7      0.3223600000    -7485.5831460000 6.329012  27.6912827.144208 
[info|scf] 8      0.3215400000    -7485.5834730000 6.329118  27.6903187.145119 
[info|scf] 9      0.3215500000    -7485.5836840000 6.335894  27.6869287.145122 
[info|scf] 10     0.3216100000    -7485.5836520000 6.336595  27.6869817.144718 
[info|scf] 11     0.3213800000    -7485.5835870000 6.335803  27.6870457.145050 
[info|scf] Last iteration band structure:
[info|scf] Band  Emin       Emax       
[info|scf] Semicore-valence energy sep. : 
[info|scf] --------end of scf--------                                  
[info|scf] Extracting information from .scf...
[info|scf] Validating scf output...
[info|scf] Marking as done...
[info|scf] Writing checkpoints...
[info|scf] Pretty-printing summary...
[info|scf] Writing checkpoints...
[info|scf] Scf section ended successfully...


[info|prho] Beginning of printrho section at lun oct  6 20:47:44 CEST 2008
[info|prho] Verifying needed sections were run...
[info|prho] Checking for exectuables...
[info|prho] Setting default variables if missing...
[info|prho] Determining which structures to run...
[info|prho] Verifying section requirements structure-wise...
[info|prho] ----------------------------------------------------------
[info|prho] Loading structure #1...
[info|prho] Creating .in5c file...
[info|prho] Creating lapw5.def...
[info|prho] Calculating rho map...
[info|prho] Reformatting rho...
[info|prho] Plotting rho to file...
[info|prho] Marking as done...
[info|prho] Writing checkpoints...
[info|prho] Writing checkpoints...
[info|prho] Printrho section ended successfully...


[info|dos] Beginning of dosplot section at lun oct  6 20:47:49 CEST 2008
[info|dos] Verifying needed sections were run
[info|dos] Checking for exectuables...
[info|dos] Setting default variables if missing...
[info|dos] Determining which structures to run...
[info|dos] Verifying section requirements structure-wise...
[info|dos] ----------------------------------------------------------
[info|dos] Loading structure #1...
[info|dos] Setting default variables for this structure...
[info|dos] Expanding eigenvalue window (lapw1)...
[info|dos] Calculating partial charges (lapw2 -qtl)...
[info|dos] Creating .int input file...
[info|dos] Running tetra...
[info|dos] Making dos plots...
[info|dos] Making joint dos plots...
[info|dos] Restoring original .in1...
[info|dos] Marking as done...
[info|dos] Writing checkpoints...
[info|dos] Writing checkpoints...
[info|dos] Dosplot section ended successfully...


[info|band] Beginning of bandplot section at lun oct  6 20:53:15 CEST 2008
[info|band] Verifying needed sections were run
[info|band] Setting default variables if missing...
[info|band] Determining which structures to run...
[info|band] Verifying section requirements structure-wise...
[info|band] ----------------------------------------------------------
[info|band] Loading structure #1...
[info|band] Copying .klist file to .klist_band ...
[info|band] Calculating eigenvalues...
[info|band] Copying template .insp from wien src directory...
[info|band] Setting correct fermi level in .insp...
[info|band] Running spaghetti...
[info|band] Renaming spaghetti output...
[info|band] Marking as done...
[info|band] Writing checkpoints...
[info|band] Writing checkpoints...
[info|band] Bandplot section ended successfully...


[info|kdos] Beginning of kdos section at lun oct  6 20:57:23 CEST 2008
[info|kdos] Verifying needed sections were run
[info|kdos] Setting default variables if missing...
[info|kdos] Determining which structures to run...
[info|kdos] Verifying section requirements structure-wise...
[info|kdos] ----------------------------------------------------------
[info|kdos] Loading structure #1...
[info|kdos] Marking as done...
[info|kdos] Writing checkpoints...
[info|kdos] Writing checkpoints...
[info|kdos] Kdos section ended successfully...


[info|rx] Beginning of rxplot section at lun oct  6 20:57:24 CEST 2008
[info|rx] Verifying needed sections were run...
[info|rx] Setting default variables if missing...
[info|rx] Determining which structures to run...
[info|rx] Verifying section requirements structure-wise...
[info|rx] ----------------------------------------------------------
[info|rx] Loading structure #1...
[info|rx] Expanding eigenvalue window (lapw1)...
[info|rx] Calculating partial charges (lapw2 -qtl)...
[info|rx] Creating .inxs input file...
[info|rx] Running xspec...
[info|rx] Printing spectra...
[info|rx] Restoring original .in1...
[info|rx] Marking as done...
[info|rx] Writing checkpoints...
[info|rx] Writing checkpoints...
[info|rx] Rxplot section ended successfully...


[info|critic] Beginning of critic section at lun oct  6 21:05:06 CEST 2008
[info|critic] Verifying needed sections were run...
[info|critic] Checking for exectuables...
[info|critic] Setting default variables if missing...
[info|critic] Determining which structures to run...
[info|critic] Verifying section requirements structure-wise...
[info|critic] ----------------------------------------------------------
[info|critic] Loading structure #1...
[info|critic] Creating .incritic input file...
[info|critic] Running critic...
[info|critic] Marking as done...
[info|critic] Writing checkpoints...
[info|critic] Pretty-printing summary...
[info|critic] Writing checkpoints...
[info|critic] Critic section ended successfully...


[info|syn] Beginning of synopsis section at lun oct  6 21:05:20 CEST 2008
[info|syn] Setting default variables if missing...
[info|syn] Probing for variable parameters in general section...
[info|syn] Probing for variable parameters in sweep section...
[info|syn] Calculating times...
[info|syn] Printing synopsis...
[info|syn] Writing checkpoints...
[info|syn] Synopsis section ended successfully...

