General information
---------------------------------------------------------------------
title   : runwien.awk lapw calculation, v.1.0.10
root    : test018
pwd     : /home/alberto/cvs/runwien/test/test018
machine : neon.quimica.uniovi.es
date    : lun oct  6 20:14:40 CEST 2008

Sections run and time information
---------------------------------------------------------------------
general section run, time (s) = 1
initialization section run, time (s) = 15
prescf section run, time (s) = 100
scf section run, time (s) = 1673
critic section run, time (s) = 112
total run time (s) = 1901

Structural information
---------------------------------------------------------------------
Mol. formula : Be1
Mol. mass    : 9.012182
a / bohr     : 4.32104800
b / bohr     : 4.32104800
c / bohr     : 6.77145600
alpha / deg  : 90.00000000
beta / deg   : 90.00000000
gamma / deg  : 120.00000000
c/a          : 1.56708650
c/b          : 1.56708650
b/a          : 1.00000000
volume/bohr^3: 109.49413924
Mol. volume  : 54.74706962
space group  : P63/mmc
lattice      : H
system       : hexagonal
inversion?   : yes
nonequivalent atom list in .struct (and position of a representative atom):
  atom 1 is Be mult= 2 x= 0.66666667 y= 0.33333333 z= 0.75000000 sym= -6m2

Additional information
---------------------------------------------------------------------
Number of electrons in unit cell : 8
Valence electrons in unit cell   : 8
Core electrons in unit cell      : 0
Core | val | total e- for atom   : [Be]  | 4 | 4
Core | val el. conf. for atom    : [Be]  | 1S(2)2S(2)
Core leaking (e-) for atom 1 : [Be] 0.00000e+00
Atomic energy (lstart) [Be]      : -29.2657380
Total in vacuo energy (lstart)   : -29.2657380

Calculation fixed parameters
---------------------------------------------------------------------
spinpolarized               : no
relativistic first density  : yes
general, npt (atom 1)       : 781
general, r0  (atom 1)       : 0.00010000
general, lmax               : 10
general, lnsmax             : 4
general, gmax               : 12.000
initialization, potential   : ggapbe96
initialization, ecoreval /ry: -10.000
initialization, emin / ry   : -13.00000000
initialization, emax / ry   : 2.00000000
scf, commands used          :  -i 50 -ec 0.000100

Calculation variable parameters
---------------------------------------------------------------------
number of structures : 16
num   rmt 1 rkmax   mix   kpts basis it. warning    energy*/ ry    efermi / ry      time /s planarity morsesum                      topology
1      1.99  7.50 0.400   5000   101   6      --    -29.5396525        0.49837          116  0.703311       -6 1[2](1[2])|3[4,6,6]|2[2,6]|1[2] 
2      2.01  7.50 0.400   5000   101   6      --    -29.5396255        0.49664          115  0.703810       -6 1[2](1[2])|3[4,6,6]|2[2,6]|1[2] 
3      2.03  7.50 0.400   5000    99   5      --    -29.5395615        0.49510           91  0.698207      -12 1[2](1[2])|3[4,6,6]|1[2]|1[2] 
4      2.05  7.50 0.400   5000    99   6      --    -29.5395545        0.49275          108  0.700519       -6 1[2](1[2])|3[4,6,6]|2[2,6]|1[2] 
5      2.07  7.50 0.400   5000    99   7      --    -29.5395540        0.49100          128  0.702846        6 1[2](1[2])|3[4,6,6]|3[2,6,12]|1[2] 
6      2.09  7.50 0.100   5000    99   6      --    -29.5395485        0.48927          111  0.703630       -6 1[2](1[2])|4[4,6,6,6]|2[2,12]|1[2] 
7      2.09  7.50 0.200   5000    99   6      --    -29.5394845        0.48927          112  0.702525       -6 1[2](1[2])|4[4,6,6,6]|2[2,12]|1[2] 
8      2.09  7.50 0.300   5000    99   6      --    -29.5394845        0.48927          111  0.702525       -6 1[2](1[2])|4[4,6,6,6]|2[2,12]|1[2] 
9      2.09  7.50 0.400   5000    99   6      --    -29.5394845        0.48927          110  0.702525       -6 1[2](1[2])|4[4,6,6,6]|2[2,12]|1[2] 
10     2.09  7.00 0.400   5000    69   6      --    -29.5394905        0.48829          102  0.702082        0 1[2](1[2])|3[4,6,6]|2[2,12]|1[2] 
11     2.09  7.50 0.400   5000    99   6      --    -29.5394845        0.48927          112  0.702525       -6 1[2](1[2])|4[4,6,6,6]|2[2,12]|1[2] 
12     2.09  8.00 0.400   5000   101   6      --    -29.5395310        0.49027          118  0.701544       -6 1[2](1[2])|3[4,6,6]|2[2,6]|1[2] 
13     2.09  7.50 0.400   5000    99   6      --    -29.5394845        0.48927          112  0.702525       -6 1[2](1[2])|4[4,6,6,6]|2[2,12]|1[2] 
14     2.09  7.50 0.400   6000    99   6      --    -29.5395430        0.49167          141  0.702553       -6 1[2](1[2])|4[4,6,6,6]|2[2,12]|1[2] 
15     2.09  7.50 0.400   7000    99   6      --    -29.5395460        0.49028          150  0.703387       -6 1[2](1[2])|4[4,6,6,6]|2[2,12]|1[2] 
16     2.09  7.50 0.400   8000    99   6      --    -29.5395415        0.49044          162  0.702267       -6 1[2](1[2])|4[4,6,6,6]|2[2,12]|1[2] 


Output, index, plot and gnuplot files
---------------------------------------------------------------------
* .out files
 - scfsummary.out
 - criticsummary.out
 - synopsis.out
* .index files
 - test018.index
* .ps files
* .gnuplot files

Exhaustive information for general structures
---------------------------------------------------------------------
metric matrix (1,1) : 18.6714558183
metric matrix (1,2) : -9.3357279092
metric matrix (1,3) : 0.0000000000
metric matrix (2,2) : 18.6714558183
metric matrix (2,3) : 0.0000000000
metric matrix (3,3) : 45.8526163599
complete basis specification for atom 1 : 
  0.24243000 3    0   
  0 0.05400   0.00200   CONT 0
  0 -6.81300  0.00200   CONT 0
  1 0.26100   0.00200   CONT 0

additional information :
  num  sp. fll gmin   rkm(r) pws    k(ibz) los esmcval  bndemin  bndemax  
  1    0.59888 7.555  7.370  208    264    2   -0.37259 -6.85924 1.99760  
  2    0.61799 7.476  7.450  208    264    2   -0.37432 -6.86115 1.99819  
  3    0.63750 7.399  7.060  208    264    2   -0.37592 -6.86547 1.99993  
  4    0.65742 7.324  7.140  208    264    2   -0.37828 -6.86696 1.99988  
  5    0.67775 7.250  7.210  208    264    2   -0.38003 -6.86856 1.99850  
  6    0.69850 7.177  7.280  208    264    2   -0.38174 -6.87012 1.99857  
  7    0.69850 7.177  7.280  208    264    2   -0.38174 -6.87014 1.99856  
  8    0.69850 7.177  7.280  208    264    2   -0.38174 -6.87014 1.99856  
  9    0.69850 7.177  7.280  208    264    2   -0.38174 -6.87014 1.99856  
  10   0.69850 6.699  6.790  208    264    2   -0.38294 -6.87872 1.98056  
  11   0.69850 7.177  7.280  208    264    2   -0.38174 -6.87014 1.99856  
  12   0.69850 7.655  7.760  208    264    2   -0.38067 -6.86639 1.99932  
  13   0.69850 7.177  7.280  208    264    2   -0.38174 -6.87014 1.99856  
  14   0.69850 7.177  7.280  208    364    2   -0.38176 -6.87022 1.99901  
  15   0.69850 7.177  7.280  208    392    2   -0.38177 -6.87028 1.99910  
  16   0.69850 7.177  7.280  208    427    2   -0.38172 -6.87004 1.99954  

convergence details (DIRB angle) : 
  ite  1     2     3     4     5     6     7     8     9     10    11    12    13    14    15    16    
1      0.0   0.0   0.0   0.0   0.0   0.0   0.0   0.0   0.0   180.0 0.0   0.0   0.0   0.0   0.0   0.0   
2      12.3  12.1  11.3  12.3  12.5  12.9  12.9  12.9  12.9  0.8   12.9  7.6   12.9  12.9  12.9  12.9  
3      45.9  59.6  33.4  63.1  61.6  61.4  61.3  61.3  61.3  29.9  61.3  46.8  61.3  61.4  61.5  61.2  
4      18.4  17.0  34.6  9.6   17.9  7.5   7.4   7.4   7.4   86.1  7.4   49.9  7.4   7.0   6.7   7.9   
5      4.8   4.7         68.5  16.2  76.3  4.4   4.4   4.4   3.3   4.4   4.5   4.4   5.6   6.7   56.0  
6                              69.9                                                                    
