General information
---------------------------------------------------------------------
title   : runwien.awk lapw calculation, v.1.0.10
root    : test004
pwd     : /home/alberto/cvs/runwien/test/test004
machine : neon.quimica.uniovi.es
date    : lun oct  6 13:37:50 CEST 2008

Sections run and time information
---------------------------------------------------------------------
general section run, time (s) = 0
initialization section run, time (s) = 1
prescf section run, time (s) = 3
scf section run, time (s) = 0
elastic section run, time (s) = 1105
total run time (s) = 1109

Structural information
---------------------------------------------------------------------
Mol. formula : Be1
Mol. mass    : 9.012182
a / bohr     : 4.72783400
b / bohr     : 4.72783400
c / bohr     : 4.72783400
alpha / deg  : 90.00000000
beta / deg   : 90.00000000
gamma / deg  : 90.00000000
c/a          : 1.00000000
c/b          : 1.00000000
b/a          : 1.00000000
volume/bohr^3: 105.67850446
Mol. volume  : 52.83925223
space group  : Im-3m
lattice      : B
system       : cubic
inversion?   : yes
nonequivalent atom list in .struct (and position of a representative atom):
  atom 1 is Be mult= 1 x= 0.00000000 y= 0.00000000 z= 0.00000000 sym= m-3m

Additional information
---------------------------------------------------------------------
Number of electrons in unit cell : 4
Valence electrons in unit cell   : 4
Core electrons in unit cell      : 0
Core | val | total e- for atom   : [Be]  | 4 | 4
Core | val el. conf. for atom    : [Be]  | 1S(2)2S(2)
Core leaking (e-) for atom 1 : [Be] 0.00000e+00
Atomic energy (lstart) [Be]      : -29.2657470
Total in vacuo energy (lstart)   : -29.2657470

Calculation fixed parameters
---------------------------------------------------------------------
spinpolarized               : no
relativistic first density  : yes
general, npt (atom 1)       : 781
general, rmt (atom 1)       : 1.80000
general, r0  (atom 1)       : 0.00010000
general, rkmax              : 8.00000
general, lmax               : 10
general, lnsmax             : 4
general, gmax               : 20.000
general, mix                : 0.40000
general, kpts               : 2000
initialization, potential   : ggapbe96
initialization, ecoreval /ry: -10.000
initialization, emin / ry   : -13.00000000
initialization, emax / ry   : 2.00000000
scf, commands used          :  -i 50 -ec 0.000010


Only one structure, no variable parameters
No scf data available...
No critic data available



Output, index, plot and gnuplot files
---------------------------------------------------------------------
* .out files
 - scfsummary.out
 - test004-elastic/test004-111000/test00401/synopsis.out
 - test004-elastic/test004-111000/test00402/synopsis.out
 - test004-elastic/test004-111000/test00403/synopsis.out
 - test004-elastic/test004-111000/test00404/synopsis.out
 - test004-elastic/test004-111000/test00405/synopsis.out
 - test004-elastic/test004-111000/test00406/synopsis.out
 - test004-elastic/test004-111000/test00407/synopsis.out
 - test004-elastic/test004-111000/test00408/synopsis.out
 - test004-elastic/test004-111000/test00409/synopsis.out
 - test004-elastic/test004-111000/test00410/synopsis.out
 - test004-elastic/test004-111000/test00411/synopsis.out
 - test004-elastic/test004-001000/test00401/synopsis.out
 - test004-elastic/test004-001000/test00402/synopsis.out
 - test004-elastic/test004-001000/test00403/synopsis.out
 - test004-elastic/test004-001000/test00404/synopsis.out
 - test004-elastic/test004-001000/test00405/synopsis.out
 - test004-elastic/test004-001000/test00406/synopsis.out
 - test004-elastic/test004-001000/test00407/synopsis.out
 - test004-elastic/test004-001000/test00408/synopsis.out
 - test004-elastic/test004-001000/test00409/synopsis.out
 - test004-elastic/test004-001000/test00410/synopsis.out
 - test004-elastic/test004-001000/test00411/synopsis.out
 - test004-elastic/test004-000111/test00401/synopsis.out
 - test004-elastic/test004-000111/test00402/synopsis.out
 - test004-elastic/test004-000111/test00403/synopsis.out
 - test004-elastic/test004-000111/test00404/synopsis.out
 - test004-elastic/test004-000111/test00405/synopsis.out
 - test004-elastic/test004-000111/test00406/synopsis.out
 - test004-elastic/test004-000111/test00407/synopsis.out
 - test004-elastic/test004-000111/test00408/synopsis.out
 - test004-elastic/test004-000111/test00409/synopsis.out
 - test004-elastic/test004-000111/test00410/synopsis.out
 - test004-elastic/test004-000111/test00411/synopsis.out
 - test004-elastic/elasticsummary.out
 - synopsis.out
* .index files
 - test004.index
* .ps files
 - test004-elastic/fit000111.eps
 - test004-elastic/fit001000.eps
 - test004-elastic/fit111000.eps
* .gnuplot files

Elastic constants calculation
---------------------------------------------------------------------
c11 (GPa) = 186.0958765327
c12 (GPa) = 95.5083313852
c44 (GPa) = 213.4731685218

 c11 > abs(c12)    ? yes
 c11 + 2 * c12 > 0 ? yes
 c44 > 0           ? yes

Res. variance (111000) = 1.75138e-11
Res. variance (001000) = 5.16506e-11
Res. variance (000111) = 7.27954e-10

 Fit coefficients
 Deformation x0 c0 c1 c2 c3 c4 c5 c6 c7 c8 
111000 |  -0.0006 -29.5328   0.0000   2.0426  -6.3449 -88.8187   0.0000   0.0000   0.0000 
001000 |  -0.0005 -29.5328   0.0000   0.3350  -0.4639 -91.5090   0.0000   0.0000   0.0000 
000111 |   0.0005 -29.5328   0.0000   1.1456  -3.0979  11.1314   0.0000   0.0000   0.0000 

Exhaustive information for general structures
---------------------------------------------------------------------
metric matrix (1,1) : 22.3524143316
metric matrix (1,2) : 0.0000000000
metric matrix (1,3) : 0.0000000000
metric matrix (2,2) : 22.3524143316
metric matrix (2,3) : 0.0000000000
metric matrix (3,3) : 22.3524143316
complete basis specification for atom 1 : 
  0.24243000 2    0   
  0 0.05400   0.00200   CONT 0
  0 -6.81300  0.00200   CONT 0

additional information :
  num  sp. fll gmin   rkm(r) pws    k(ibz) los esmcval  bndemin  bndemax  
  1    0.23116 8.889  0.000  209    68     0   0.00000  0.00000  0.00000  

convergence details (DIRB angle) : 
  ite  1     
