Welcome to runwien.awk, version : 1.0.10...

Copyright (c) 2007 Alberto Otero <alberto@carbono.quimica.uinovi.es> and 
 Víctor Luaña <victor@carbono.quimica.uniovi.es>. Universidad de Oviedo.
									     
runwien.awk is free software: you can redistribute it and/or modify   
it under the terms of the GNU General Public License as published by  
the Free Software Foundation, either version 3 of the License, or (at 
your option) any later version. 					     
									     
runwien.awk is distributed in the hope that it will be useful,	     
but WITHOUT ANY WARRANTY; without even the implied warranty of	     
MERCHANTABILITY or FITNESS FOR A PARTICULAR PURPOSE.  See the	     
GNU General Public License for more details.			     
									     
You should have received a copy of the GNU General Public License     
along with this program.  If not, see <http://www.gnu.org/licenses/>. 

[info|global] Checking for executables...
[info|global] Checking root consistency...
[info|global] Creating check directory...

[info|general] Runwien.awk lapw calculation using wien2k, version: 1.0.10
[info|general] date : mar oct  7 19:11:38 CEST 2008
[info|general] machine : neon.quimica.uniovi.es
[info|general] root : test021

[info|general] Beginning of general section at mar oct  7 19:11:38 CEST 2008
[info|general] Verifying compulsory parameters...
[info|general] Setting default variables if missing...
[info|general] Parsing expressions for variable parameters, also #1...
[info|general] Probing linked parameters for also 1...
[info|general] Creating iteration counter for also 1...
[info|general] Linking parameters...
[info|general] Determining which structures to run...
[info|general] Calculating padding zeroes...
[info|general] Initializing index file...
[info|general] Creating struct file and index line for structure #1
[info|general] Creating directory tree structure and moving .struct...
[info|general] Marking as done...
[info|general] Writing checkpoints...
[info|general] General section ended succesfully...


[info|init] Beginning of initialization section at mar oct  7 19:11:38 CEST 2008
[info|init] Verifying needed sections were run...
[info|init] Checking for executables...
[info|init] Setting default variables if missing...
[info|init] Determining which structures to run...
[info|init] Verifying section requirements structure-wise...
[info|init] --------------------------------------------------------------------
[info|init] Loading structure #1...
[info|init] Calculating muffin tin radius...
[info|init] Rmt values are set to: (Symbol | representative coords | rmt)
[info|init] Ti 0 0 0 2.064
[info|init] C 0.5 0.5 0.5 1.8336
[info|init] Running nn program...
[info|init] Shell structure for all atoms
[info|init] Atom| Dist.(bohr)   # nn    Z|
[info|init]   1 | 4.080  6   6.0| 5.771 12  22.0| 7.068  8   6.0| 8.161  6  22.0|
[info|init]   2 | 4.080  6  22.0| 5.771 12   6.0| 7.068  8  22.0| 8.161  6   6.0|
[info|init] Running sgroup...
[info|init] Bravais lattice: Cubic all faces centred
[info|init] Atom 1   Names of point group: m-3m   4/m -3 2/m   Oh
[info|init] Atom 2   Names of point group: m-3m   4/m -3 2/m   Oh
[info|init] Number and name of space group: 225 (F m -3 m)
[info|init] Running symmetry and creating new .struct...
[info|init]   the crystal system is cubic       
[info|init]   order of lattice point group (no base) =            48
[info|init]   order of lattice space group (with base) =          48
[info|init]   space group is symmorphic
[info|init]   space group contains inversion
[info|init] Re-reading global information from struct file...
[info|init] Creating .inst file...
[info|init] Running lstart...
[info|init] atom : Ti
[info|init] core-valence energy :   -6.0000000000
[info|init] orbital description : 
[info|init] Label Occ.    Energy (Ry)     <R> (bohr)      Type
[info|init]    1S    1  -357.77447000   0.0695873100      core
[info|init]    1S    1  -357.77517000   0.0695872810      core
[info|init]    2S    1   -39.45103500   0.3248739100      core
[info|init]    2S    1   -39.41180000   0.3246316800      core
[info|init]   2P*    1   -32.91821000   0.2881972100      core
[info|init]   2P*    1   -32.88835600   0.2879222300      core
[info|init]    2P    2   -32.49427100   0.2908921400      core
[info|init]    2P    2   -32.46374300   0.2906098200      core
[info|init]    3S    1    -4.64654640   1.0072650000   valence
[info|init]    3S    1    -4.51845970   1.0075253000   valence
[info|init]   3P*    1    -2.93218620   1.0807713000   valence
[info|init]   3P*    1    -2.80514660   1.0823289000   valence
[info|init]    3P    2    -2.88386100   1.0889482000   valence
[info|init]    3P    2    -2.75694340   1.0906252000   valence
[info|init]   3D*    2    -0.35536460   1.5804661000   valence
[info|init]   3D*    0    -0.24622688   1.6979040000   valence
[info|init]    4S    1    -0.34290886   3.4602426000   valence
[info|init]    4S    1    -0.30663548   3.6079297000   valence
[info|init] spin charge partition : 
[info|init]        inside sphere outside sphere          total
[info|init] alpha  10.5359642410   1.4640357590  12.0000000000
[info|init]  beta   8.9830825487   1.0169174513  10.0000000000
[info|init] core leaking (Ti) :    0.0000000000
[info|init] atom : C
[info|init] core-valence energy :   -6.0000000000
[info|init] orbital description : 
[info|init] Label Occ.    Energy (Ry)     <R> (bohr)      Type
[info|init]    1S    1   -20.07524400   0.2710042200      core
[info|init]    1S    1   -20.01563100   0.2703714200      core
[info|init]    2S    1    -1.07605010   1.5552233000   valence
[info|init]    2S    1    -0.87322438   1.6070060000   valence
[info|init]   2P*    1    -0.44836633   1.7453923000   valence
[info|init]   2P*    0    -0.26550280   1.9273638000   valence
[info|init]    2P    1    -0.44770317   1.7466706000   valence
[info|init]    2P    0    -0.26491269   1.9291666000   valence
[info|init] spin charge partition : 
[info|init]        inside sphere outside sphere          total
[info|init] alpha   2.9532339211   1.0467660789   4.0000000000
[info|init]  beta   1.6853301886   0.3146698114   2.0000000000
[info|init] core leaking (C) :    0.0000030000
[info|init] Editing input file .in1_st...
[info|init] Creating and editing input file .in2_st...
[info|init] Editing input file .inm_st...
[info|init] Renaming input files...
[info|init] Modifying orbitals in .in1 file...
[info|init] Modifying lm list in .in2 file...
[info|init] Re-reading general information...
[info|init] Re-reading initialization information...
[info|init] Reading and calculating initialization result variables...
[info|init] Marking as done...
[info|init] Writing checkpoints...
[info|init] Writing checkpoints...
[info|init] Initialization section ended successfully...


[info|prescf] Beginning of prescf section at mar oct  7 19:11:39 CEST 2008
[info|prescf] Verifying needed sections were run...
[info|prescf] Setting default variables if missing...
[info|prescf] Determining which structures to run...
[info|prescf] Verifying section requirements structure-wise...
[info|prescf] --------------------------------------------------------------------
[info|prescf] Loading structure #1...
[info|prescf] Running kgen...
[info|prescf] Running dstart...
[info|prescf] gmin = 9.81675, gmax = 12.00000
[info|prescf] kmax = (8,8,8)
[info|prescf] number of plane waves = 132
[info|prescf] Saving atomic densities...
[info|prescf] Recovering results from prescf files...
[info|prescf] Marking as done...
[info|prescf] Writing checkpoints...
[info|prescf] Writing checkpoints...
[info|prescf] Prescf section ended successfully...


[info|scf] Beginning of scf section at mar oct  7 19:11:49 CEST 2008
[info|scf] Verifying needed sections were run...
[info|scf] Checking for executables...
[info|scf] Setting default variables if missing...
[info|scf] Determining which structures to run...
[info|scf] Verifying section requirements structure-wise...
[info|scf] --------------------------------------------------------------------
[info|scf] Loading structure #1...
[info|scf] Running SCF calculation...
[info|scf] using commands :  -i 30 -ec 0.00001 -it  -in1new 1 
[info|scf] Non-spinpolarized calculation
[info|scf] Number of cycles : 14
[info|scf] Cycle  Fermi energy    Total energy    Inter. q  sph. q 1 sph. q 2 
[info|scf] 1      0.7252400000    -1784.1274670000 2.757488  19.0169196.225588 
[info|scf] 2      0.7291600000    -1784.0956410000 2.775726  19.0756386.148631 
[info|scf] 3      0.7544600000    -1783.9674200000 2.865146  19.8136075.321241 
[info|scf] 4      0.7546500000    -1783.9650580000 2.867408  19.6963835.436201 
[info|scf] 5      0.7613600000    -1783.9661430000 2.864593  19.7686585.366727 
[info|scf] 6      0.7747800000    -1783.9653220000 2.860057  19.7114895.428445 
[info|scf] 7      0.7757000000    -1783.9652710000 2.858608  19.7202085.421168 
[info|scf] 8      0.7756500000    -1783.9652920000 2.859006  19.7198745.421118 
[info|scf] 9      0.7767700000    -1783.9651720000 2.862913  19.7191655.417901 
[info|scf] 10     0.7763700000    -1783.9651670000 2.863025  19.7128775.424079 
[info|scf] 11     0.7760600000    -1783.9651510000 2.862884  19.7145285.422573 
[info|scf] 12     0.7759100000    -1783.9651390000 2.862921  19.7141615.422915 
[info|scf] 13     0.7759400000    -1783.9651570000 2.862857  19.7141405.422980 
[info|scf] 14     0.7759800000    -1783.9651460000 2.862853  19.7142185.422920 
[info|scf] Last iteration band structure:
[info|scf] Band  Emin       Emax       
[info|scf] Semicore-valence energy sep. : 
[info|scf] --------end of scf--------                                  
[info|scf] Extracting information from .scf...
[info|scf] Validating scf output...
[info|scf] Marking as done...
[info|scf] Writing checkpoints...
[info|scf] Pretty-printing summary...
[info|scf] Writing checkpoints...
[info|scf] Scf section ended successfully...


[info|dos] Beginning of dosplot section at mar oct  7 19:18:05 CEST 2008
[info|dos] Verifying needed sections were run
[info|dos] Checking for executables...
[info|dos] Setting default variables if missing...
[info|dos] Determining which structures to run...
[info|dos] Verifying section requirements structure-wise...
[info|dos] ----------------------------------------------------------
[info|dos] Loading structure #1...
[info|dos] Setting default variables for this structure...
[info|dos] Expanding eigenvalue window (lapw1)...
[info|dos] Calculating partial charges (lapw2 -qtl)...
[info|dos] Creating .int input file...
[info|dos] Running tetra...
[info|dos] Making dos plots...
[info|dos] Making joint dos plots...
[info|dos] Restoring original .in1...
[info|dos] Marking as done...
[info|dos] Writing checkpoints...
[info|dos] Writing checkpoints...
[info|dos] Dosplot section ended successfully...


[info|band] Beginning of bandplot section at mar oct  7 19:18:25 CEST 2008
[info|band] Verifying needed sections were run
[info|band] Setting default variables if missing...
[info|band] Determining which structures to run...
[info|band] Verifying section requirements structure-wise...
[info|band] ----------------------------------------------------------
[info|band] Loading structure #1...
[info|band] Copying .klist file to .klist_band ...
[info|band] Calculating eigenvalues...
[info|band] Copying template .insp from wien src directory...
[info|band] Setting correct fermi level in .insp...
[info|band] Running spaghetti...
[info|band] Renaming spaghetti output...
[info|band] Marking as done...
[info|band] Writing checkpoints...
[info|band] Writing checkpoints...
[info|band] Bandplot section ended successfully...


[info|kdos] Beginning of kdos section at mar oct  7 19:18:37 CEST 2008
[info|kdos] Verifying needed sections were run
[info|kdos] Setting default variables if missing...
[info|kdos] Determining which structures to run...
[info|kdos] Verifying section requirements structure-wise...
[info|kdos] ----------------------------------------------------------
[info|kdos] Loading structure #1...
[info|kdos] Marking as done...
[info|kdos] Writing checkpoints...
[info|kdos] Writing checkpoints...
[info|kdos] Kdos section ended successfully...


[info|critic] Beginning of critic section at mar oct  7 19:18:37 CEST 2008
[info|critic] Verifying needed sections were run...
[info|critic] Checking for executables...
[info|critic] Setting default variables if missing...
[info|critic] Determining which structures to run...
[info|critic] Verifying section requirements structure-wise...
[info|critic] ----------------------------------------------------------
[info|critic] Loading structure #1...
[info|critic] Creating .incritic input file...
[info|critic] Running critic...
[info|critic] Marking as done...
[info|critic] Writing checkpoints...
[info|critic] Pretty-printing summary...
[info|critic] Writing checkpoints...
[info|critic] Critic section ended successfully...


[info|elastic] Beginning of elastic section at mar oct  7 19:18:43 CEST 2008
[info|elastic] Verifying needed sections were run...
[info|elastic] Setting default variables if missing...
[info|elastic] Calculating deformation steps...
[info|elastic] Calculating padding zeroes...
[info|elastic] Creating elastic directory...
[info|elastic] ----------------------------------------------------------
[info|elastic] Calculating deformation : 111000
[info|elastic] Calculating point number 1...
[info|elastic] Writing checkpoints...
[info|elastic] Calculating point number 2...
[info|elastic] Writing checkpoints...
[info|elastic] Calculating point number 3...
[info|elastic] Writing checkpoints...
[info|elastic] Calculating point number 4...
[info|elastic] Writing checkpoints...
[info|elastic] Calculating point number 5...
[info|elastic] Writing checkpoints...
[info|elastic] Calculating point number 6...
[info|elastic] Writing checkpoints...
[info|elastic] Calculating point number 7...
[info|elastic] Writing checkpoints...
[info|elastic] Calculating point number 8...
[info|elastic] Writing checkpoints...
[info|elastic] Calculating point number 9...
[info|elastic] Writing checkpoints...
[info|elastic] Calculating point number 10...
[info|elastic] Writing checkpoints...
[info|elastic] Calculating point number 11...
[info|elastic] Writing checkpoints...
[info|elastic] Writing checkpoints...
[info|elastic] ----------------------------------------------------------
[info|elastic] Calculating deformation : 001000
[info|elastic] Calculating point number 1...
[info|elastic] Writing checkpoints...
[info|elastic] Calculating point number 2...
[info|elastic] Writing checkpoints...
[info|elastic] Calculating point number 3...
[info|elastic] Writing checkpoints...
[info|elastic] Calculating point number 4...
[info|elastic] Writing checkpoints...
[info|elastic] Calculating point number 5...
[info|elastic] Writing checkpoints...
[info|elastic] Calculating point number 6...
[info|elastic] Writing checkpoints...
[info|elastic] Calculating point number 7...
[info|elastic] Writing checkpoints...
[info|elastic] Calculating point number 8...
[info|elastic] Writing checkpoints...
[info|elastic] Calculating point number 9...
[info|elastic] Writing checkpoints...
[info|elastic] Calculating point number 10...
[info|elastic] Writing checkpoints...
[info|elastic] Calculating point number 11...
[info|elastic] Writing checkpoints...
[info|elastic] Writing checkpoints...
[info|elastic] ----------------------------------------------------------
[info|elastic] Calculating deformation : 000111
[info|elastic] Calculating point number 1...
[info|elastic] Writing checkpoints...
[info|elastic] Calculating point number 2...
[info|elastic] Writing checkpoints...
[info|elastic] Calculating point number 3...
[info|elastic] Writing checkpoints...
[info|elastic] Calculating point number 4...
[info|elastic] Writing checkpoints...
[info|elastic] Calculating point number 5...
[info|elastic] Writing checkpoints...
[info|elastic] Calculating point number 6...
[info|elastic] Writing checkpoints...
[info|elastic] Calculating point number 7...
[info|elastic] Writing checkpoints...
[info|elastic] Calculating point number 8...
[info|elastic] Writing checkpoints...
[info|elastic] Calculating point number 9...
[info|elastic] Writing checkpoints...
[info|elastic] Calculating point number 10...
[info|elastic] Writing checkpoints...
[info|elastic] Calculating point number 11...
[info|elastic] Writing checkpoints...
[info|elastic] Writing checkpoints...
[info|elastic] Checking all energies are known...
[info|elastic] Calculating elastic constants...
[info|elastic] Writing checkpoints...
[info|elastic] Elastic section ended successfully...


[info|syn] Beginning of synopsis section at mié oct  8 00:18:26 CEST 2008
[info|syn] Setting default variables if missing...
[info|syn] Probing for variable parameters in general section...
[info|syn] Probing for variable parameters in sweep section...
[info|syn] Calculating times...
[info|syn] Printing synopsis...
[info|syn] Writing checkpoints...
[info|syn] Synopsis section ended successfully...

