Welcome to runwien.awk, version : 1.0.10...

Copyright (c) 2007 Alberto Otero <alberto@carbono.quimica.uinovi.es> and 
 Víctor Luaña <victor@carbono.quimica.uniovi.es>. Universidad de Oviedo.
									     
runwien.awk is free software: you can redistribute it and/or modify   
it under the terms of the GNU General Public License as published by  
the Free Software Foundation, either version 3 of the License, or (at 
your option) any later version. 					     
									     
runwien.awk is distributed in the hope that it will be useful,	     
but WITHOUT ANY WARRANTY; without even the implied warranty of	     
MERCHANTABILITY or FITNESS FOR A PARTICULAR PURPOSE.  See the	     
GNU General Public License for more details.			     
									     
You should have received a copy of the GNU General Public License     
along with this program.  If not, see <http://www.gnu.org/licenses/>. 

[info|global] Checking for executables...
[info|global] Checking root consistency...
[info|global] Creating check directory...

[info|general] Runwien.awk lapw calculation using wien2k, version: 1.0.10
[info|general] date : lun oct  6 15:06:32 CEST 2008
[info|general] machine : neon.quimica.uniovi.es
[info|general] root : test010

[info|general] Beginning of general section at lun oct  6 15:06:32 CEST 2008
[info|general] Verifying compulsory parameters...
[info|general] Setting default variables if missing...
[info|general] Parsing expressions for variable parameters, also #1...
[info|general] Probing linked parameters for also 1...
[info|general] Creating iteration counter for also 1...
[info|general] Linking parameters...
[info|general] Determining which structures to run...
[info|general] Calculating padding zeroes...
[info|general] Initializing index file...
[info|general] Creating struct file and index line for structure #1
[info|general] Creating directory tree structure and moving .struct...
[info|general] Marking as done...
[info|general] Writing checkpoints...
[info|general] General section ended succesfully...


[info|init] Beginning of initialization section at lun oct  6 15:06:32 CEST 2008
[info|init] Verifying needed sections were run...
[info|init] Checking for exectuables...
[info|init] Setting default variables if missing...
[info|init] Determining which structures to run...
[info|init] Verifying section requirements structure-wise...
[info|init] --------------------------------------------------------------------
[info|init] Loading structure #1...
[info|init] Calculating muffin tin radius...
[info|init] Rmt values are set to: (Symbol | representative coords | rmt)
[info|init] Ca 0.0 0.0 0.0 2.475
[info|init] Running nn program...
[info|init] Shell structure for all atoms
[info|init] Atom| Dist.(bohr)   # nn    Z|
[info|init]   1 | 7.451 12  20.0|10.537  6  20.0|12.905 24  20.0|14.902 12  20.0|
[info|init] Running sgroup...
[info|init] Bravais lattice: Cubic all faces centred
[info|init] Atom 1   Names of point group: m-3m   4/m -3 2/m   Oh
[info|init] Number and name of space group: 225 (F m -3 m)
[info|init] Running symmetry and creating new .struct...
[info|init]   the crystal system is cubic       
[info|init]   order of lattice point group (no base) =            48
[info|init]   order of lattice space group (with base) =          48
[info|init]   space group is symmorphic
[info|init]   space group contains inversion
[info|init] Re-reading global information from struct file...
[info|init] Creating .inst file...
[info|init] Running lstart...
[info|init] atom : Ca
[info|init] core-valence energy :   -6.0000000000
[info|init] orbital description : 
[info|init] Label Occ.    Energy (Ry)     <R> (bohr)      Type
[info|init]    1S    1  -290.23475000   0.0768431130      core
[info|init]    1S    1  -290.23475000   0.0768431130      core
[info|init]    2S    1   -30.45007800   0.3641584000      core
[info|init]    2S    1   -30.45007800   0.3641584000      core
[info|init]   2P*    1   -24.77792600   0.3260581300      core
[info|init]   2P*    1   -24.77792600   0.3260581300      core
[info|init]    2P    2   -24.50694400   0.3285938000      core
[info|init]    2P    2   -24.50694400   0.3285938000      core
[info|init]    3S    1    -3.46078210   1.1560001000   valence
[info|init]    3S    1    -3.46078210   1.1560001000   valence
[info|init]   3P*    1    -2.07712480   1.2657990000   valence
[info|init]   3P*    1    -2.07712480   1.2657990000   valence
[info|init]    3P    2    -2.04892660   1.2737267000   valence
[info|init]    3P    2    -2.04892660   1.2737267000   valence
[info|init]    4S    1    -0.27681796   4.0202600000   valence
[info|init]    4S    1    -0.27681796   4.0202600000   valence
[info|init] spin charge partition : 
[info|init]        inside sphere outside sphere          total
[info|init] alpha   9.0274995078   0.9725004923  10.0000000001
[info|init]  beta   9.0274995078   0.9725004923  10.0000000001
[info|init] core leaking (Ca) :    0.0000000000
[info|init] Editing input file .in1_st...
[info|init] Creating and editing input file .in2_st...
[info|init] Editing input file .inm_st...
[info|init] Renaming input files...
[info|init] Modifying orbitals in .in1 file...
[info|init] Modifying lm list in .in2 file...
[info|init] Re-reading general information...
[info|init] Re-reading initialization information...
[info|init] Reading and calculating initialization result variables...
[info|init] Marking as done...
[info|init] Writing checkpoints...
[info|init] Writing checkpoints...
[info|init] Initialization section ended successfully...


[info|prescf] Beginning of prescf section at lun oct  6 15:06:33 CEST 2008
[info|prescf] Verifying needed sections were run...
[info|prescf] Setting default variables if missing...
[info|prescf] Determining which structures to run...
[info|prescf] Verifying section requirements structure-wise...
[info|prescf] --------------------------------------------------------------------
[info|prescf] Loading structure #1...
[info|prescf] Running kgen...
[info|prescf] Running dstart...
[info|prescf] gmin = 6.46465, gmax = 12.00000
[info|prescf] kmax = (11,11,11)
[info|prescf] number of plane waves = 266
[info|prescf] Saving atomic densities...
[info|prescf] Recovering results from prescf files...
[info|prescf] Marking as done...
[info|prescf] Writing checkpoints...
[info|prescf] Writing checkpoints...
[info|prescf] Prescf section ended successfully...


[info|scf] Beginning of scf section at lun oct  6 15:06:34 CEST 2008
[info|scf] Verifying needed sections were run...
[info|scf] Checking for exectuables...
[info|scf] Setting default variables if missing...
[info|scf] Determining which structures to run...
[info|scf] Verifying section requirements structure-wise...
[info|scf] --------------------------------------------------------------------
[info|scf] Loading structure #1...
[info|scf] Running SCF calculation...
[info|scf] using commands :  -i 30 -ec 0.000010
[info|scf] Non-spinpolarized calculation
[info|scf] Number of cycles : 6
[info|scf] Cycle  Fermi energy    Total energy    Inter. q  sph. q 1 
[info|scf] 1      0.1916400000    -1360.7970230000 1.830021  18.169979
[info|scf] 2      0.1918600000    -1360.7969680000 1.830366  18.169634
[info|scf] 3      0.1990400000    -1360.7976670000 1.841870  18.158130
[info|scf] 4      0.1991100000    -1360.7976660000 1.841647  18.158338
[info|scf] 5      0.1994100000    -1360.7976810000 1.838189  18.161811
[info|scf] 6      0.1994200000    -1360.7976750000 1.838145  18.161863
[info|scf] Last iteration band structure:
[info|scf] Band  Emin       Emax       
[info|scf] Semicore-valence energy sep. : 
[info|scf] --------end of scf--------                                  
[info|scf] Extracting information from .scf...
[info|scf] Validating scf output...
[info|scf] Marking as done...
[info|scf] Writing checkpoints...
[info|scf] Pretty-printing summary...
[info|scf] Writing checkpoints...
[info|scf] Scf section ended successfully...


[info|rx] Beginning of rxplot section at lun oct  6 15:07:52 CEST 2008
[info|rx] Verifying needed sections were run...
[info|rx] Setting default variables if missing...
[info|rx] Determining which structures to run...
[info|rx] Verifying section requirements structure-wise...
[info|rx] ----------------------------------------------------------
[info|rx] Loading structure #1...
[info|rx] Expanding eigenvalue window (lapw1)...
[info|rx] Calculating partial charges (lapw2 -qtl)...
[info|rx] Creating .inxs input file...
[info|rx] Running xspec...
[info|rx] Printing spectra...
[info|rx] Restoring original .in1...
[info|rx] Marking as done...
[info|rx] Writing checkpoints...
[info|rx] Writing checkpoints...
[info|rx] Rxplot section ended successfully...


[info|syn] Beginning of synopsis section at lun oct  6 15:08:26 CEST 2008
[info|syn] Setting default variables if missing...
[info|syn] Probing for variable parameters in general section...
[info|syn] Probing for variable parameters in sweep section...
[info|syn] Calculating times...
[info|syn] Printing synopsis...
[info|syn] Writing checkpoints...
[info|syn] Synopsis section ended successfully...

